---
http_interactions:
- request:
    method: get
    uri: https://premise.bamboohr.com/careers/list
    body:
      encoding: US-ASCII
      string: ''
    headers:
      Accept:
      - application/json
      Accept-Encoding:
      - gzip;q=1.0,deflate;q=0.6,identity;q=0.3
      User-Agent:
      - Ruby
  response:
    status:
      code: 200
      message: OK
    headers:
      Date:
      - Thu, 27 Jun 2024 13:39:03 GMT
      Content-Type:
      - application/json
      Transfer-Encoding:
      - chunked
      Connection:
      - keep-alive
      Set-Cookie:
      - PHPSESSID=H89vp047-jMNm8vHve2CfdxsXH4W5xXu; path=/; secure; HttpOnly; SameSite=None
      - _cfuvid=EESkf93CxvFZIayeSkP0CH.KA_Jt5DonlSIqWgsAGfU-1719495543942-0.0.1.1-604800000;
        path=/; domain=.bamboohr.com; HttpOnly; Secure; SameSite=None
      Expires:
      - Thu, 19 Nov 1981 08:52:00 GMT
      Cache-Control:
      - no-cache, private
      - no-store, no-cache, must-revalidate
      Pragma:
      - no-cache
      Content-Security-Policy:
      - 'default-src ''self'' data: blob: https://*.bamboohr.com https://*.bamboohr.co.uk
        *.cloudfront.net d24d2g0g8l15q8.cloudfront.net d3lfqt3qfgn8k7.cloudfront.net
        dwc7c3b4xwlvf.cloudfront.net d1h5lrfdup83bf.cloudfront.net d2z5bglz9ff013.cloudfront.net
        d6rj0pc050pw5.cloudfront.net df8ckbxqap8g7.cloudfront.net dbmdctpg7vrzn.cloudfront.net
        d28wuos6rv4976.cloudfront.net d1r9mt3fn8flr0.cloudfront.net staticfe.bamboohr.com
        staticfe.bamboohr.net https://*.browser-intake-datadoghq.com https://*.facebook.com
        https://*.linkedin.com https://*.segment.io https://*.small-improvements.com
        https://api.rollbar.com https://app.bamboohr.co.uk https://bam.nr-data.net
        https://connect.facebook.net *.algolianet.com *.algolia.net embedwistia-a.akamaihd.net
        app.pendo.io cdn.pendo.io pendo-io-extensions.storage.googleapis.com pendo-static-5734959405072384.storage.googleapis.com
        https://*.wistia.com https://*.wistia.net https://fonts.googleapis.com https://fonts.gstatic.com
        https://example.com https://www.google-analytics.com https://payments.subscriptionplatform.com
        https://s-static.ak.facebook.com themes.googleusercontent.com https://wufoo.com
        https://*.wufoo.com https://www.google.com https://tagmanager.google.com https://bamboohr.formstack.com
        https://static.formstack.com https://storage.googleapis.com/code.snapengage.com/
        https://www.snapengage.com https://cdn.plaid.com https://portal-2.flatfile.io
        https://*.zuora.com https://*.pusher.com https://*.sfdcstatic.com https://*.salesforce.com
        https://*.salesforceliveagent.com https://*.force.com https://*.site.com wss://*.pusher.com
        https://*.checkr.com https://accounts.google.com https://login.microsoftonline.com
        https://*.typeform.com https://app.cronofy.com maps.googleapis.com ''unsafe-inline''
        ''unsafe-eval'' ; script-src ''self'' *.bamboohr.com *.bamboohr.co.uk data:
        blob: about https://*.bamboohr.com https://cdn.api.twitter.com https://connect.facebook.net
        https://bam.nr-data.net *.cloudfront.net d24d2g0g8l15q8.cloudfront.net dwc7c3b4xwlvf.cloudfront.net
        d3lfqt3qfgn8k7.cloudfront.net d1h5lrfdup83bf.cloudfront.net d2z5bglz9ff013.cloudfront.net
        d6rj0pc050pw5.cloudfront.net df8ckbxqap8g7.cloudfront.net dbmdctpg7vrzn.cloudfront.net
        d28wuos6rv4976.cloudfront.net d1r9mt3fn8flr0.cloudfront.net staticfe.bamboohr.com
        staticfe.bamboohr.net https://accounts.google.com https://login.microsoftonline.com
        *.newrelic.com http://*.newrelic.com https://fast.wistia.net https://fast.wistia.com
        get.bamboohr.com *.algolianet.com *.algolia.net app.pendo.io pendo-io-static.storage.googleapis.com
        cdn.pendo.io pendo-static-5734959405072384.storage.googleapis.com https://pi.pardot.com
        https://www.my1login.com https://app.onelogin.com https://ajax.googleapis.com
        http://ajax.googleapis.com https://ssl.google-analytics.com https://www.googletagmanager.com
        https://tagmanager.google.com https://www.google-analytics.com https://www.google.com
        https://s3.amazonaws.com https://cdnjs.cloudflare.com https://wufoo.com https://*.wufoo.com
        https://*.linkedin.com https://bat.bing.com/bat.js https://www.googleadservices.com/pagead/conversion_async.js
        https://s.adroll.com/j/roundtrip.js https://*.segment.com https://*.segment.io
        https://bamboohr.formstack.com https://static.formstack.com https://storage.googleapis.com/code.snapengage.com/
        https://www.snapengage.com https://cdn.plaid.com https://*.zuora.com https://*.pusher.com
        wss://*.pusher.com https://*.sfdcstatic.com https://*.salesforce.com https://*.salesforceliveagent.com
        https://*.force.com https://*.site.com https://*.checkr.com https://www.google.com/recaptcha/
        https://www.gstatic.com/recaptcha/ https://www.recaptcha.net/recaptcha/ https://portal-2.flatfile.io
        https://*.typeform.com https://app.cronofy.com maps.googleapis.com ''unsafe-inline''
        ''unsafe-eval'' ; img-src * data: blob: ; report-uri /ajax/parse_csp_report.php
        ; worker-src ''self'' data: blob: ;'
      Strict-Transport-Security:
      - max-age=31536000; includeSubDomains; preload
      Vary:
      - Authorization,User-Agent
      X-Content-Type-Options:
      - nosniff
      Cf-Cache-Status:
      - DYNAMIC
      Server:
      - cloudflare
      Cf-Ray:
      - 89a5d74c89bd9539-LHR
    body:
      encoding: ASCII-8BIT
      string: '{"meta":{"totalCount":6},"result":[{"id":"45","jobOpeningName":"Lead
        Product Manager, Retail Task Management & Execution","departmentId":"19029","departmentLabel":"30-000
        - Product","employmentStatusLabel":"Full-Time","location":{"city":"Ciudad
        de M\u00e9xico","state":"CDMX"},"atsLocation":{"country":null,"state":null,"province":null,"city":null},"isRemote":null,"locationType":"2"},{"id":"61","jobOpeningName":"Account
        Executive (Bolivia)","departmentId":"19024","departmentLabel":"70-000 - Global
        Operations","employmentStatusLabel":"Full-Time DEEL","location":{"city":null,"state":null},"atsLocation":{"country":"Bolivia","state":null,"province":null,"city":"Santa
        Cruz de la Sierra"},"isRemote":null,"locationType":"1"},{"id":"72","jobOpeningName":"Lead
        Product Manager, Dispatching & Routing","departmentId":"19029","departmentLabel":"30-000
        - Product","employmentStatusLabel":"Full-Time DEEL","location":{"city":"Ciudad
        de M\u00e9xico","state":"CDMX"},"atsLocation":{"country":null,"state":null,"province":null,"city":null},"isRemote":null,"locationType":"2"},{"id":"74","jobOpeningName":"Client
        Service Executive","departmentId":"19034","departmentLabel":"50-000 - Customer
        Success","employmentStatusLabel":"Full-Time","location":{"city":"Bogota","state":null},"atsLocation":{"country":null,"state":null,"province":null,"city":null},"isRemote":null,"locationType":"0"},{"id":"79","jobOpeningName":"Client
        Service Trainee","departmentId":"19034","departmentLabel":"50-000 - Customer
        Success","employmentStatusLabel":"Full-Time","location":{"city":"Bogota","state":null},"atsLocation":{"country":null,"state":null,"province":null,"city":null},"isRemote":null,"locationType":"0"},{"id":"80","jobOpeningName":"Account
        Executive ","departmentId":"19016","departmentLabel":"40-000 - Sales","employmentStatusLabel":"Full-Time","location":{"city":"Bogota","state":null},"atsLocation":{"country":null,"state":null,"province":null,"city":null},"isRemote":null,"locationType":"0"}]}'
  recorded_at: Thu, 27 Jun 2024 13:39:03 GMT
- request:
    method: get
    uri: https://premise.bamboohr.com/careers/company-info/
    body:
      encoding: US-ASCII
      string: ''
    headers:
      Accept:
      - application/json
      Accept-Encoding:
      - gzip;q=1.0,deflate;q=0.6,identity;q=0.3
      User-Agent:
      - Ruby
  response:
    status:
      code: 200
      message: OK
    headers:
      Date:
      - Thu, 27 Jun 2024 13:39:04 GMT
      Content-Type:
      - application/json
      Transfer-Encoding:
      - chunked
      Connection:
      - keep-alive
      Set-Cookie:
      - PHPSESSID=szHthqXvHr3PzXcIEa-ntZ1ntCif5wuL; path=/; secure; HttpOnly; SameSite=None
      - _cfuvid=IEhS0SqMawhnE3N8eD6Rocm7rRs9c9yxQ0FLcviUXbk-1719495544163-0.0.1.1-604800000;
        path=/; domain=.bamboohr.com; HttpOnly; Secure; SameSite=None
      Expires:
      - Thu, 19 Nov 1981 08:52:00 GMT
      Cache-Control:
      - no-cache, private
      - no-store, no-cache, must-revalidate
      Pragma:
      - no-cache
      Content-Security-Policy:
      - 'default-src ''self'' data: blob: https://*.bamboohr.com https://*.bamboohr.co.uk
        *.cloudfront.net d24d2g0g8l15q8.cloudfront.net d3lfqt3qfgn8k7.cloudfront.net
        dwc7c3b4xwlvf.cloudfront.net d1h5lrfdup83bf.cloudfront.net d2z5bglz9ff013.cloudfront.net
        d6rj0pc050pw5.cloudfront.net df8ckbxqap8g7.cloudfront.net dbmdctpg7vrzn.cloudfront.net
        d28wuos6rv4976.cloudfront.net d1r9mt3fn8flr0.cloudfront.net staticfe.bamboohr.com
        staticfe.bamboohr.net https://*.browser-intake-datadoghq.com https://*.facebook.com
        https://*.linkedin.com https://*.segment.io https://*.small-improvements.com
        https://api.rollbar.com https://app.bamboohr.co.uk https://bam.nr-data.net
        https://connect.facebook.net *.algolianet.com *.algolia.net embedwistia-a.akamaihd.net
        app.pendo.io cdn.pendo.io pendo-io-extensions.storage.googleapis.com pendo-static-5734959405072384.storage.googleapis.com
        https://*.wistia.com https://*.wistia.net https://fonts.googleapis.com https://fonts.gstatic.com
        https://example.com https://www.google-analytics.com https://payments.subscriptionplatform.com
        https://s-static.ak.facebook.com themes.googleusercontent.com https://wufoo.com
        https://*.wufoo.com https://www.google.com https://tagmanager.google.com https://bamboohr.formstack.com
        https://static.formstack.com https://storage.googleapis.com/code.snapengage.com/
        https://www.snapengage.com https://cdn.plaid.com https://portal-2.flatfile.io
        https://*.zuora.com https://*.pusher.com https://*.sfdcstatic.com https://*.salesforce.com
        https://*.salesforceliveagent.com https://*.force.com https://*.site.com wss://*.pusher.com
        https://*.checkr.com https://accounts.google.com https://login.microsoftonline.com
        https://*.typeform.com https://app.cronofy.com maps.googleapis.com ''unsafe-inline''
        ''unsafe-eval'' ; script-src ''self'' *.bamboohr.com *.bamboohr.co.uk data:
        blob: about https://*.bamboohr.com https://cdn.api.twitter.com https://connect.facebook.net
        https://bam.nr-data.net *.cloudfront.net d24d2g0g8l15q8.cloudfront.net dwc7c3b4xwlvf.cloudfront.net
        d3lfqt3qfgn8k7.cloudfront.net d1h5lrfdup83bf.cloudfront.net d2z5bglz9ff013.cloudfront.net
        d6rj0pc050pw5.cloudfront.net df8ckbxqap8g7.cloudfront.net dbmdctpg7vrzn.cloudfront.net
        d28wuos6rv4976.cloudfront.net d1r9mt3fn8flr0.cloudfront.net staticfe.bamboohr.com
        staticfe.bamboohr.net https://accounts.google.com https://login.microsoftonline.com
        *.newrelic.com http://*.newrelic.com https://fast.wistia.net https://fast.wistia.com
        get.bamboohr.com *.algolianet.com *.algolia.net app.pendo.io pendo-io-static.storage.googleapis.com
        cdn.pendo.io pendo-static-5734959405072384.storage.googleapis.com https://pi.pardot.com
        https://www.my1login.com https://app.onelogin.com https://ajax.googleapis.com
        http://ajax.googleapis.com https://ssl.google-analytics.com https://www.googletagmanager.com
        https://tagmanager.google.com https://www.google-analytics.com https://www.google.com
        https://s3.amazonaws.com https://cdnjs.cloudflare.com https://wufoo.com https://*.wufoo.com
        https://*.linkedin.com https://bat.bing.com/bat.js https://www.googleadservices.com/pagead/conversion_async.js
        https://s.adroll.com/j/roundtrip.js https://*.segment.com https://*.segment.io
        https://bamboohr.formstack.com https://static.formstack.com https://storage.googleapis.com/code.snapengage.com/
        https://www.snapengage.com https://cdn.plaid.com https://*.zuora.com https://*.pusher.com
        wss://*.pusher.com https://*.sfdcstatic.com https://*.salesforce.com https://*.salesforceliveagent.com
        https://*.force.com https://*.site.com https://*.checkr.com https://www.google.com/recaptcha/
        https://www.gstatic.com/recaptcha/ https://www.recaptcha.net/recaptcha/ https://portal-2.flatfile.io
        https://*.typeform.com https://app.cronofy.com maps.googleapis.com ''unsafe-inline''
        ''unsafe-eval'' ; img-src * data: blob: ; report-uri /ajax/parse_csp_report.php
        ; worker-src ''self'' data: blob: ;'
      Strict-Transport-Security:
      - max-age=31536000; includeSubDomains; preload
      Vary:
      - Authorization,User-Agent
      X-Content-Type-Options:
      - nosniff
      Cf-Cache-Status:
      - DYNAMIC
      Report-To:
      - '{"endpoints":[{"url":"https:\/\/csp-reporting.cloudflare.com\/cdn-cgi\/script_monitor\/report?m=uALCID6RSNX.gY_3ZCkGT4OXonKCxatFcWDG5osHN9Q-1719495544-1.0.1.1-gZjOcRXKy7mg40uo4ioQngbdTKzm9IcIo5jlYQoIsxE3juzTJ7Dq3PPcrDYP9myaAs_YHqLnLxKo29kgSFm.hQcEShYLoGycJQzAqcTaw1RK87jFcg4LBjSNBW_tCcjxTph2R8xkfy6r6Hm_tQPVASps7.Brslk8nJrh2A9hXbo"}],"group":"cf-csp-endpoint","max_age":86400}'
      Content-Security-Policy-Report-Only:
      - script-src 'none'; report-uri https://csp-reporting.cloudflare.com/cdn-cgi/script_monitor/report?m=uALCID6RSNX.gY_3ZCkGT4OXonKCxatFcWDG5osHN9Q-1719495544-1.0.1.1-gZjOcRXKy7mg40uo4ioQngbdTKzm9IcIo5jlYQoIsxE3juzTJ7Dq3PPcrDYP9myaAs_YHqLnLxKo29kgSFm.hQcEShYLoGycJQzAqcTaw1RK87jFcg4LBjSNBW_tCcjxTph2R8xkfy6r6Hm_tQPVASps7.Brslk8nJrh2A9hXbo;
        report-to cf-csp-endpoint
      Server:
      - cloudflare
      Cf-Ray:
      - 89a5d74dfd3863ce-LHR
    body:
      encoding: ASCII-8BIT
      string: '{"meta":[],"result":{"name":"Premise","id":"490341","logoUrl":"https:\/\/images4.bamboohr.com\/490341\/logos\/cropped.jpg?v=34","careerShareUrl":"https:\/\/premise.bamboohr.com\/careers","shareImageUrl":"https:\/\/premise.bamboohr.com\/jobs\/share_image\/34","inTrial":false,"appSessId":"f135350bf06b83d5c1d38d2ef4c41b45016d70f5"}}'
  recorded_at: Thu, 27 Jun 2024 13:39:04 GMT
- request:
    method: get
    uri: https://premise.bamboohr.com/careers/list
    body:
      encoding: US-ASCII
      string: ''
    headers:
      Accept:
      - application/json
      Accept-Encoding:
      - gzip;q=1.0,deflate;q=0.6,identity;q=0.3
      User-Agent:
      - Ruby
  response:
    status:
      code: 200
      message: OK
    headers:
      Date:
      - Thu, 27 Jun 2024 13:39:04 GMT
      Content-Type:
      - application/json
      Transfer-Encoding:
      - chunked
      Connection:
      - keep-alive
      Set-Cookie:
      - PHPSESSID=xhgt4LYSwqW8U-gi-vh08yn9CPFv1jAB; path=/; secure; HttpOnly; SameSite=None
      - _cfuvid=sdMlGd0BPoxa8V6SEmyhL3IWxo5nxMyoIYgaMnPATo8-1719495544311-0.0.1.1-604800000;
        path=/; domain=.bamboohr.com; HttpOnly; Secure; SameSite=None
      Expires:
      - Thu, 19 Nov 1981 08:52:00 GMT
      Cache-Control:
      - no-cache, private
      - no-store, no-cache, must-revalidate
      Pragma:
      - no-cache
      Content-Security-Policy:
      - 'default-src ''self'' data: blob: https://*.bamboohr.com https://*.bamboohr.co.uk
        *.cloudfront.net d24d2g0g8l15q8.cloudfront.net d3lfqt3qfgn8k7.cloudfront.net
        dwc7c3b4xwlvf.cloudfront.net d1h5lrfdup83bf.cloudfront.net d2z5bglz9ff013.cloudfront.net
        d6rj0pc050pw5.cloudfront.net df8ckbxqap8g7.cloudfront.net dbmdctpg7vrzn.cloudfront.net
        d28wuos6rv4976.cloudfront.net d1r9mt3fn8flr0.cloudfront.net staticfe.bamboohr.com
        staticfe.bamboohr.net https://*.browser-intake-datadoghq.com https://*.facebook.com
        https://*.linkedin.com https://*.segment.io https://*.small-improvements.com
        https://api.rollbar.com https://app.bamboohr.co.uk https://bam.nr-data.net
        https://connect.facebook.net *.algolianet.com *.algolia.net embedwistia-a.akamaihd.net
        app.pendo.io cdn.pendo.io pendo-io-extensions.storage.googleapis.com pendo-static-5734959405072384.storage.googleapis.com
        https://*.wistia.com https://*.wistia.net https://fonts.googleapis.com https://fonts.gstatic.com
        https://example.com https://www.google-analytics.com https://payments.subscriptionplatform.com
        https://s-static.ak.facebook.com themes.googleusercontent.com https://wufoo.com
        https://*.wufoo.com https://www.google.com https://tagmanager.google.com https://bamboohr.formstack.com
        https://static.formstack.com https://storage.googleapis.com/code.snapengage.com/
        https://www.snapengage.com https://cdn.plaid.com https://portal-2.flatfile.io
        https://*.zuora.com https://*.pusher.com https://*.sfdcstatic.com https://*.salesforce.com
        https://*.salesforceliveagent.com https://*.force.com https://*.site.com wss://*.pusher.com
        https://*.checkr.com https://accounts.google.com https://login.microsoftonline.com
        https://*.typeform.com https://app.cronofy.com maps.googleapis.com ''unsafe-inline''
        ''unsafe-eval'' ; script-src ''self'' *.bamboohr.com *.bamboohr.co.uk data:
        blob: about https://*.bamboohr.com https://cdn.api.twitter.com https://connect.facebook.net
        https://bam.nr-data.net *.cloudfront.net d24d2g0g8l15q8.cloudfront.net dwc7c3b4xwlvf.cloudfront.net
        d3lfqt3qfgn8k7.cloudfront.net d1h5lrfdup83bf.cloudfront.net d2z5bglz9ff013.cloudfront.net
        d6rj0pc050pw5.cloudfront.net df8ckbxqap8g7.cloudfront.net dbmdctpg7vrzn.cloudfront.net
        d28wuos6rv4976.cloudfront.net d1r9mt3fn8flr0.cloudfront.net staticfe.bamboohr.com
        staticfe.bamboohr.net https://accounts.google.com https://login.microsoftonline.com
        *.newrelic.com http://*.newrelic.com https://fast.wistia.net https://fast.wistia.com
        get.bamboohr.com *.algolianet.com *.algolia.net app.pendo.io pendo-io-static.storage.googleapis.com
        cdn.pendo.io pendo-static-5734959405072384.storage.googleapis.com https://pi.pardot.com
        https://www.my1login.com https://app.onelogin.com https://ajax.googleapis.com
        http://ajax.googleapis.com https://ssl.google-analytics.com https://www.googletagmanager.com
        https://tagmanager.google.com https://www.google-analytics.com https://www.google.com
        https://s3.amazonaws.com https://cdnjs.cloudflare.com https://wufoo.com https://*.wufoo.com
        https://*.linkedin.com https://bat.bing.com/bat.js https://www.googleadservices.com/pagead/conversion_async.js
        https://s.adroll.com/j/roundtrip.js https://*.segment.com https://*.segment.io
        https://bamboohr.formstack.com https://static.formstack.com https://storage.googleapis.com/code.snapengage.com/
        https://www.snapengage.com https://cdn.plaid.com https://*.zuora.com https://*.pusher.com
        wss://*.pusher.com https://*.sfdcstatic.com https://*.salesforce.com https://*.salesforceliveagent.com
        https://*.force.com https://*.site.com https://*.checkr.com https://www.google.com/recaptcha/
        https://www.gstatic.com/recaptcha/ https://www.recaptcha.net/recaptcha/ https://portal-2.flatfile.io
        https://*.typeform.com https://app.cronofy.com maps.googleapis.com ''unsafe-inline''
        ''unsafe-eval'' ; img-src * data: blob: ; report-uri /ajax/parse_csp_report.php
        ; worker-src ''self'' data: blob: ;'
      Strict-Transport-Security:
      - max-age=31536000; includeSubDomains; preload
      Vary:
      - Authorization,User-Agent
      X-Content-Type-Options:
      - nosniff
      Cf-Cache-Status:
      - DYNAMIC
      Server:
      - cloudflare
      Cf-Ray:
      - 89a5d74f38a793e6-LHR
    body:
      encoding: ASCII-8BIT
      string: '{"meta":{"totalCount":6},"result":[{"id":"45","jobOpeningName":"Lead
        Product Manager, Retail Task Management & Execution","departmentId":"19029","departmentLabel":"30-000
        - Product","employmentStatusLabel":"Full-Time","location":{"city":"Ciudad
        de M\u00e9xico","state":"CDMX"},"atsLocation":{"country":null,"state":null,"province":null,"city":null},"isRemote":null,"locationType":"2"},{"id":"61","jobOpeningName":"Account
        Executive (Bolivia)","departmentId":"19024","departmentLabel":"70-000 - Global
        Operations","employmentStatusLabel":"Full-Time DEEL","location":{"city":null,"state":null},"atsLocation":{"country":"Bolivia","state":null,"province":null,"city":"Santa
        Cruz de la Sierra"},"isRemote":null,"locationType":"1"},{"id":"72","jobOpeningName":"Lead
        Product Manager, Dispatching & Routing","departmentId":"19029","departmentLabel":"30-000
        - Product","employmentStatusLabel":"Full-Time DEEL","location":{"city":"Ciudad
        de M\u00e9xico","state":"CDMX"},"atsLocation":{"country":null,"state":null,"province":null,"city":null},"isRemote":null,"locationType":"2"},{"id":"74","jobOpeningName":"Client
        Service Executive","departmentId":"19034","departmentLabel":"50-000 - Customer
        Success","employmentStatusLabel":"Full-Time","location":{"city":"Bogota","state":null},"atsLocation":{"country":null,"state":null,"province":null,"city":null},"isRemote":null,"locationType":"0"},{"id":"79","jobOpeningName":"Client
        Service Trainee","departmentId":"19034","departmentLabel":"50-000 - Customer
        Success","employmentStatusLabel":"Full-Time","location":{"city":"Bogota","state":null},"atsLocation":{"country":null,"state":null,"province":null,"city":null},"isRemote":null,"locationType":"0"},{"id":"80","jobOpeningName":"Account
        Executive ","departmentId":"19016","departmentLabel":"40-000 - Sales","employmentStatusLabel":"Full-Time","location":{"city":"Bogota","state":null},"atsLocation":{"country":null,"state":null,"province":null,"city":null},"isRemote":null,"locationType":"0"}]}'
  recorded_at: Thu, 27 Jun 2024 13:39:04 GMT
- request:
    method: get
    uri: https://premise.bamboohr.com/careers/45/detail
    body:
      encoding: US-ASCII
      string: ''
    headers:
      Accept:
      - application/json
      Accept-Encoding:
      - gzip;q=1.0,deflate;q=0.6,identity;q=0.3
      User-Agent:
      - Ruby
  response:
    status:
      code: 200
      message: OK
    headers:
      Date:
      - Thu, 27 Jun 2024 13:39:04 GMT
      Content-Type:
      - application/json
      Transfer-Encoding:
      - chunked
      Connection:
      - keep-alive
      Set-Cookie:
      - PHPSESSID=cKa-exuemCvtN6kYr0lG%2CyQopoGMpbjh; path=/; secure; HttpOnly; SameSite=None
      - _cfuvid=dmwt7BDeusUm9qPF_gN9B9NNWs4nZuu7DyTVVo6Trc4-1719495544570-0.0.1.1-604800000;
        path=/; domain=.bamboohr.com; HttpOnly; Secure; SameSite=None
      Expires:
      - Thu, 19 Nov 1981 08:52:00 GMT
      Cache-Control:
      - no-cache, private
      - no-store, no-cache, must-revalidate
      Pragma:
      - no-cache
      Content-Security-Policy:
      - 'default-src ''self'' data: blob: https://*.bamboohr.com https://*.bamboohr.co.uk
        *.cloudfront.net d24d2g0g8l15q8.cloudfront.net d3lfqt3qfgn8k7.cloudfront.net
        dwc7c3b4xwlvf.cloudfront.net d1h5lrfdup83bf.cloudfront.net d2z5bglz9ff013.cloudfront.net
        d6rj0pc050pw5.cloudfront.net df8ckbxqap8g7.cloudfront.net dbmdctpg7vrzn.cloudfront.net
        d28wuos6rv4976.cloudfront.net d1r9mt3fn8flr0.cloudfront.net staticfe.bamboohr.com
        staticfe.bamboohr.net https://*.browser-intake-datadoghq.com https://*.facebook.com
        https://*.linkedin.com https://*.segment.io https://*.small-improvements.com
        https://api.rollbar.com https://app.bamboohr.co.uk https://bam.nr-data.net
        https://connect.facebook.net *.algolianet.com *.algolia.net embedwistia-a.akamaihd.net
        app.pendo.io cdn.pendo.io pendo-io-extensions.storage.googleapis.com pendo-static-5734959405072384.storage.googleapis.com
        https://*.wistia.com https://*.wistia.net https://fonts.googleapis.com https://fonts.gstatic.com
        https://example.com https://www.google-analytics.com https://payments.subscriptionplatform.com
        https://s-static.ak.facebook.com themes.googleusercontent.com https://wufoo.com
        https://*.wufoo.com https://www.google.com https://tagmanager.google.com https://bamboohr.formstack.com
        https://static.formstack.com https://storage.googleapis.com/code.snapengage.com/
        https://www.snapengage.com https://cdn.plaid.com https://portal-2.flatfile.io
        https://*.zuora.com https://*.pusher.com https://*.sfdcstatic.com https://*.salesforce.com
        https://*.salesforceliveagent.com https://*.force.com https://*.site.com wss://*.pusher.com
        https://*.checkr.com https://accounts.google.com https://login.microsoftonline.com
        https://*.typeform.com https://app.cronofy.com maps.googleapis.com ''unsafe-inline''
        ''unsafe-eval'' ; script-src ''self'' *.bamboohr.com *.bamboohr.co.uk data:
        blob: about https://*.bamboohr.com https://cdn.api.twitter.com https://connect.facebook.net
        https://bam.nr-data.net *.cloudfront.net d24d2g0g8l15q8.cloudfront.net dwc7c3b4xwlvf.cloudfront.net
        d3lfqt3qfgn8k7.cloudfront.net d1h5lrfdup83bf.cloudfront.net d2z5bglz9ff013.cloudfront.net
        d6rj0pc050pw5.cloudfront.net df8ckbxqap8g7.cloudfront.net dbmdctpg7vrzn.cloudfront.net
        d28wuos6rv4976.cloudfront.net d1r9mt3fn8flr0.cloudfront.net staticfe.bamboohr.com
        staticfe.bamboohr.net https://accounts.google.com https://login.microsoftonline.com
        *.newrelic.com http://*.newrelic.com https://fast.wistia.net https://fast.wistia.com
        get.bamboohr.com *.algolianet.com *.algolia.net app.pendo.io pendo-io-static.storage.googleapis.com
        cdn.pendo.io pendo-static-5734959405072384.storage.googleapis.com https://pi.pardot.com
        https://www.my1login.com https://app.onelogin.com https://ajax.googleapis.com
        http://ajax.googleapis.com https://ssl.google-analytics.com https://www.googletagmanager.com
        https://tagmanager.google.com https://www.google-analytics.com https://www.google.com
        https://s3.amazonaws.com https://cdnjs.cloudflare.com https://wufoo.com https://*.wufoo.com
        https://*.linkedin.com https://bat.bing.com/bat.js https://www.googleadservices.com/pagead/conversion_async.js
        https://s.adroll.com/j/roundtrip.js https://*.segment.com https://*.segment.io
        https://bamboohr.formstack.com https://static.formstack.com https://storage.googleapis.com/code.snapengage.com/
        https://www.snapengage.com https://cdn.plaid.com https://*.zuora.com https://*.pusher.com
        wss://*.pusher.com https://*.sfdcstatic.com https://*.salesforce.com https://*.salesforceliveagent.com
        https://*.force.com https://*.site.com https://*.checkr.com https://www.google.com/recaptcha/
        https://www.gstatic.com/recaptcha/ https://www.recaptcha.net/recaptcha/ https://portal-2.flatfile.io
        https://*.typeform.com https://app.cronofy.com maps.googleapis.com ''unsafe-inline''
        ''unsafe-eval'' ; img-src * data: blob: ; report-uri /ajax/parse_csp_report.php
        ; worker-src ''self'' data: blob: ;'
      Strict-Transport-Security:
      - max-age=31536000; includeSubDomains; preload
      Vary:
      - Authorization,User-Agent
      X-Content-Type-Options:
      - nosniff
      Cf-Cache-Status:
      - DYNAMIC
      Server:
      - cloudflare
      Cf-Ray:
      - 89a5d7504b1371b4-LHR
    body:
      encoding: ASCII-8BIT
      string: '{"meta":{},"result":{"jobOpening":{"jobOpeningShareUrl":"https:\/\/premise.bamboohr.com\/careers\/45","jobOpeningName":"Lead
        Product Manager, Retail Task Management & Execution","jobOpeningStatus":"Open","jobCategoryId":null,"departmentId":"19029","departmentLabel":"30-000
        - Product","employmentStatusLabel":"Full-Time","location":{"city":"Ciudad
        de M\u00e9xico","state":"CDMX","postalCode":"06600","addressCountry":"Mexico"},"atsLocation":{"country":null,"countryId":null,"state":null,"city":null},"description":"<p><span
        style=\"font-size: 15px; font-family: Arial, sans-serif;\">Premise is an on-demand
        insights company that leverages a global marketplace to connect businesses
        and NGOs with local smartphone users in over 140 countries. Used by some of
        the leading organizations in the world, Premise''s solutions are revolutionizing
        the data collection market, making it faster, more scalable, and more dynamic
        to understand our world through the eyes of those who live there. We are backed
        by some of the top global venture capital investors as we take on legacy market
        research agencies with a new way of thinking about the world \u2013 removing
        the middleman between those seeking to understand our world and those living
        there.<\/span><\/p>\n<p><span style=\"color: #222222; font-size: 15px;\">\u00a0<\/span><\/p>\n<p><span
        style=\"font-size: 15px; font-family: Arial, sans-serif;\">With Premise, organizations
        win. And communities win, too. People can earn more from their opinions and
        discoveries. You will be joining Premise at an incredibly exciting time, and
        will be focused on supporting Premise\u2019s fastest growing vertical to help
        drive continuous growth for the company.\u00a0<\/span><\/p>\n<p><br><\/p>\n<p><span
        style=\"font-weight: bold;\"><span style=\"font-size: 15px; font-family: Arial,
        sans-serif;\">Position Summary: <\/span><\/span><span style=\"font-size: 15px;
        font-family: Arial, sans-serif;\">Premise is looking for an experienced Product
        Manager to join our growing product team in a leadership role. As a lead PM,
        you will play a key role in shaping the direction and success of our In-Store
        execution product to help leading global brands increase their sales and market
        share. Your primary goal will be to simplify the retail task creation and
        execution processes for both internal and external users focused on the supply-side
        of Premise\u2019s marketplace, leveraging your knowledge of both gig economy
        platforms and retail execution technologies to do so.\u00a0<\/span><\/p>\n<p><br><\/p>\n<p><span
        style=\"font-weight: bold;\"><span style=\"font-size: 15px; font-family: Arial,
        sans-serif;\">Responsibilities:\u00a0<\/span><\/span><\/p>\n<ul>\n<li><span
        style=\"font-size: 15px; font-family: Arial, sans-serif;\">Set the production
        vision for all product and tooling related to the end-to-end execution of
        in-store tasks that Premise contributors complete, the results of which are
        then packaged and delivered to our Retail customers as data deliverables<\/span><\/li>\n<li><span
        style=\"font-size: 15px; font-family: Arial, sans-serif;\">Define and execute
        the product roadmap for internal tooling utilized to create task forms for
        contributors, with the goal of automating manual processes that exist today
        to decrease time required for form creation and form updates\u00a0<\/span><\/li>\n<li><span
        style=\"font-size: 15px; font-family: Arial, sans-serif;\">Identify innovative
        ways to simplify the in-app task experience for Contributors while they are
        collecting data within the store. This should include UI improvements, backend
        logic, and new technologies that can be implemented to facilitate in-store
        data collection (e.g. audio data capture, computer vision, etc)<\/span><\/li>\n<li><span
        style=\"font-size: 15px; font-family: Arial, sans-serif;\">Deep understanding
        of the required data points necessary to meet customer needs and streamlining
        collection to remove any unnecessary time in field<\/span><\/li>\n<li><span
        style=\"font-size: 15px; font-family: Arial, sans-serif;\">Evaluation and
        design of in task quality control checks\u00a0<\/span><\/li>\n<li><span style=\"font-size:
        15px; font-family: Arial, sans-serif;\">Own the KPI for in-store productivity
        for contributors and time spent in-store<\/span><\/li>\n<\/ul>\n<p><br><\/p>\n<p><span
        style=\"font-weight: bold;\"><span style=\"font-size: 15px; font-family: Arial,
        sans-serif;\">What You Bring:\u00a0<\/span><\/span><\/p>\n<ul>\n<li><span
        style=\"font-size: 15px; font-family: Arial, sans-serif;\">3+ years of experience
        as a Product Manager, Technical Product Manager, or equivalent with a track
        record of driving business impact through the product you have managed\u00a0<\/span><\/li>\n<li><span
        style=\"font-size: 15px; font-family: Arial, sans-serif;\">Expertise in marketplace
        and gig economy business models, ideally with a specific focus on building
        products and features that support the supply-side of a marketplace\u00a0<\/span><\/li>\n<li><span
        style=\"font-size: 15px; font-family: Arial, sans-serif;\">Domain knowledge
        in the retail and CPG field. Deep industry experience (ideally at least 2-3
        years) in helping CPG brands win in store by solving their retail challenges.<\/span><\/li>\n<li><span
        style=\"font-size: 15px; font-family: Arial, sans-serif;\">Demonstrated experience
        working with design, data science, operations, and engineering teams to define,
        scope, and prioritize product features as well as measure results after rolling
        out new features<\/span><\/li>\n<li><span style=\"font-size: 15px; font-family:
        Arial, sans-serif;\">A willingness and desire to get your hands dirty spending
        time with customers in the field. We are looking for PMs who live and breathe
        their product, and validate all assumptions with user testing and spending
        significant time speaking to and getting feedback from their users on an ongoing
        basis.<\/span><\/li>\n<li><span style=\"font-size: 15px; font-family: Arial,
        sans-serif;\">Excellent verbal and written communication skills that scale
        from technical to non-technical, and the ability to communicate effectively
        with both company leadership and the end users in the field\u00a0<\/span><\/li>\n<\/ul>\n<p><br><\/p>\n<p><span
        style=\"font-weight: bold;\"><span style=\"font-size: 15px; font-family: Arial,
        sans-serif;\">Additional Preferred Qualifications:<\/span><\/span><\/p>\n<ul>\n<li><span
        style=\"font-size: 15px; font-family: Arial, sans-serif;\">Full fluency in
        English and Spanish and experience in LATAM<\/span><\/li>\n<li><span style=\"font-size:
        15px; font-family: Arial, sans-serif;\">Experience working with globally distributed
        teams<\/span><\/li>\n<li><span style=\"font-size: 15px; font-family: Arial,
        sans-serif;\">Working knowledge of implementing the use of Computer Vision
        in a retail environment<\/span><\/li>\n<\/ul>\n<p><br><\/p>\n<p><span style=\"font-weight:
        bold;\"><span style=\"font-size: 15px; font-family: Arial, sans-serif;\">What
        You Get:<\/span><\/span><\/p>\n<ul>\n<li><span style=\"font-size: 15px; font-family:
        Arial, sans-serif;\">Competitive compensation and 401k plans<\/span><\/li>\n<li><span
        style=\"font-size: 15px; font-family: Arial, sans-serif;\">Equity<\/span><\/li>\n<li><span
        style=\"font-size: 15px; font-family: Arial, sans-serif;\">Comprehensive medical\/dental\/vision
        coverage for you and your family<\/span><\/li>\n<li><span style=\"font-size:
        15px; font-family: Arial, sans-serif;\">Generous PTO + paid holidays<\/span><\/li>\n<li><span
        style=\"font-size: 15px; font-family: Arial, sans-serif;\">Travel experience
        to priority markets<\/span><\/li>\n<\/ul>","compensation":null,"datePosted":"2024-03-13","minimumExperience":"Experienced","locationType":"2"},"formFields":{"firstName":{"isRequired":true,"value":""},"lastName":{"isRequired":true,"value":""},"email":{"isRequired":true,"value":""},"phone":{"isRequired":true,"value":""},"streetAddress":{"isRequired":true,"value":""},"city":{"isRequired":true,"value":""},"state":{"isRequired":true,"value":"","options":[]},"zip":{"isRequired":true,"value":""},"countryId":{"isRequired":true,"value":"139","options":[{"id":"1","text":"United
        States"},{"id":"2","text":"Canada"},{"id":"3","text":"Australia"},{"id":"4","text":"Afghanistan"},{"id":"5","text":"Albania"},{"id":"6","text":"Algeria"},{"id":"7","text":"American
        Samoa"},{"id":"8","text":"Andorra"},{"id":"9","text":"Anguilla"},{"id":"10","text":"Angola"},{"id":"11","text":"Antarctica"},{"id":"12","text":"Antigua
        and Barbuda"},{"id":"13","text":"Argentina"},{"id":"14","text":"Armenia"},{"id":"15","text":"Aruba"},{"id":"16","text":"Austria"},{"id":"17","text":"Azerbaijan"},{"id":"18","text":"Bahamas"},{"id":"19","text":"Bahrain"},{"id":"20","text":"Bangladesh"},{"id":"21","text":"Barbados"},{"id":"22","text":"Belgium"},{"id":"23","text":"Belize"},{"id":"24","text":"Benin"},{"id":"25","text":"Bermuda"},{"id":"26","text":"Bhutan"},{"id":"27","text":"Bolivia"},{"id":"28","text":"Bosnia
        and Herzegovina"},{"id":"29","text":"Botswana"},{"id":"30","text":"Bouvet
        Island"},{"id":"31","text":"Brazil"},{"id":"32","text":"British Indian Ocean
        Territory"},{"id":"33","text":"Brunei Darussalam"},{"id":"34","text":"Bulgaria"},{"id":"35","text":"Burkina
        Faso"},{"id":"36","text":"Burundi"},{"id":"37","text":"Cambodia"},{"id":"38","text":"Cameroon"},{"id":"39","text":"Cape
        Verde"},{"id":"40","text":"Cayman Islands"},{"id":"41","text":"Central African
        Republic"},{"id":"42","text":"Chad"},{"id":"43","text":"Chile"},{"id":"44","text":"China"},{"id":"45","text":"Christmas
        Island"},{"id":"46","text":"Cocos (Keeling Islands)"},{"id":"47","text":"Colombia"},{"id":"48","text":"Comoros"},{"id":"49","text":"Congo"},{"id":"50","text":"Cook
        Islands"},{"id":"51","text":"Costa Rica"},{"id":"52","text":"Cote D''Ivoire
        (Ivory Coast)"},{"id":"53","text":"Croatia (Hrvatska)"},{"id":"54","text":"Cuba"},{"id":"55","text":"Cyprus"},{"id":"56","text":"Czech
        Republic"},{"id":"57","text":"Denmark"},{"id":"58","text":"Djibouti"},{"id":"59","text":"Dominica"},{"id":"60","text":"Dominican
        Republic"},{"id":"61","text":"East Timor"},{"id":"62","text":"Egypt"},{"id":"63","text":"El
        Salvador"},{"id":"64","text":"Ecuador"},{"id":"65","text":"Equatorial Guinea"},{"id":"66","text":"Eritrea"},{"id":"67","text":"Estonia"},{"id":"68","text":"Ethiopia"},{"id":"69","text":"Falkland
        Islands (Malvinas)"},{"id":"70","text":"Faroe Islands"},{"id":"71","text":"Fiji"},{"id":"72","text":"Finland"},{"id":"73","text":"France"},{"id":"74","text":"France,
        Metropolitan"},{"id":"75","text":"French Guiana"},{"id":"76","text":"French
        Polynesia"},{"id":"77","text":"French Southern Territories"},{"id":"78","text":"French
        West Indies"},{"id":"79","text":"Gabon"},{"id":"80","text":"Gambia"},{"id":"81","text":"Georgia"},{"id":"82","text":"Germany"},{"id":"83","text":"Ghana"},{"id":"84","text":"Gibraltar"},{"id":"85","text":"Greece"},{"id":"86","text":"Greenland"},{"id":"87","text":"Grenada"},{"id":"88","text":"Guadeloupe"},{"id":"89","text":"Guam"},{"id":"90","text":"Guatemala"},{"id":"91","text":"Guinea"},{"id":"92","text":"Guinea-Bissau"},{"id":"93","text":"Guyana"},{"id":"94","text":"Haiti"},{"id":"95","text":"Heard
        and McDonald Islands"},{"id":"96","text":"Honduras"},{"id":"97","text":"Hong
        Kong"},{"id":"98","text":"Hungary"},{"id":"99","text":"Iceland"},{"id":"100","text":"India"},{"id":"101","text":"Indonesia"},{"id":"102","text":"Iran"},{"id":"103","text":"Iraq"},{"id":"104","text":"Ireland"},{"id":"105","text":"Israel"},{"id":"106","text":"Italy"},{"id":"107","text":"Jamaica"},{"id":"108","text":"Japan"},{"id":"109","text":"Jordan"},{"id":"110","text":"Kazakhstan"},{"id":"111","text":"Kenya"},{"id":"112","text":"Kiribati"},{"id":"113","text":"Korea
        (North)"},{"id":"114","text":"Korea (South)"},{"id":"115","text":"Kuwait"},{"id":"116","text":"Kyrgyzstan"},{"id":"117","text":"Laos"},{"id":"118","text":"Latvia"},{"id":"119","text":"Lebanon"},{"id":"120","text":"Lesotho"},{"id":"121","text":"Liberia"},{"id":"122","text":"Libya"},{"id":"123","text":"Liechtenstein"},{"id":"124","text":"Lithuania"},{"id":"125","text":"Luxembourg"},{"id":"126","text":"Macao"},{"id":"127","text":"Macedonia"},{"id":"128","text":"Madagascar"},{"id":"129","text":"Malawi"},{"id":"130","text":"Malaysia"},{"id":"131","text":"Maldives"},{"id":"132","text":"Mali"},{"id":"133","text":"Malta"},{"id":"134","text":"Marshall
        Islands"},{"id":"135","text":"Martinique"},{"id":"136","text":"Mauritania"},{"id":"137","text":"Mauritius"},{"id":"138","text":"Mayotte"},{"id":"139","text":"Mexico"},{"id":"140","text":"Micronesia"},{"id":"141","text":"Moldova"},{"id":"142","text":"Monaco"},{"id":"143","text":"Mongolia"},{"id":"144","text":"Montenegro"},{"id":"145","text":"Montserrat"},{"id":"146","text":"Morocco"},{"id":"147","text":"Mozambique"},{"id":"148","text":"Namibia"},{"id":"149","text":"Nauru"},{"id":"150","text":"Nepal"},{"id":"151","text":"Netherlands"},{"id":"152","text":"Netherlands
        Antilles"},{"id":"153","text":"New Caledonia"},{"id":"154","text":"New Zealand"},{"id":"155","text":"Nicaragua"},{"id":"156","text":"Niger"},{"id":"157","text":"Nigeria"},{"id":"158","text":"Niue"},{"id":"159","text":"Norfolk
        Island"},{"id":"160","text":"Northern Mariana Islands"},{"id":"161","text":"Norway"},{"id":"162","text":"Oman"},{"id":"163","text":"Pakistan"},{"id":"164","text":"Palau"},{"id":"165","text":"Panama"},{"id":"166","text":"Papua
        New Guinea"},{"id":"167","text":"Paraguay"},{"id":"168","text":"Peru"},{"id":"169","text":"Philippines"},{"id":"170","text":"Pitcairn"},{"id":"171","text":"Poland"},{"id":"172","text":"Portugal"},{"id":"173","text":"Puerto
        Rico"},{"id":"174","text":"Qatar"},{"id":"175","text":"Rwanda"},{"id":"176","text":"Reunion"},{"id":"177","text":"Romania"},{"id":"178","text":"Russian
        Federation"},{"id":"179","text":"Samoa"},{"id":"180","text":"San Marino"},{"id":"181","text":"Sao
        Tome and Principe"},{"id":"182","text":"Saudi Arabia"},{"id":"183","text":"Senegal"},{"id":"184","text":"Serbia"},{"id":"185","text":"Seychelles"},{"id":"186","text":"Sierra
        Leone"},{"id":"187","text":"Singapore"},{"id":"188","text":"Slovakia"},{"id":"189","text":"Slovenia"},{"id":"190","text":"Solomon
        Islands"},{"id":"191","text":"South Africa"},{"id":"192","text":"Spain"},{"id":"193","text":"Sri
        Lanka"},{"id":"194","text":"St. Helena"},{"id":"195","text":"Saint Kitts and
        Nevis"},{"id":"196","text":"Saint Lucia"},{"id":"197","text":"St. Pierre and
        Miquelon"},{"id":"198","text":"Saint Vincent and the Grenadines"},{"id":"199","text":"Sudan"},{"id":"200","text":"Suriname"},{"id":"201","text":"Svalbard"},{"id":"202","text":"Swaziland"},{"id":"203","text":"Sweden"},{"id":"204","text":"Switzerland"},{"id":"205","text":"Syria"},{"id":"206","text":"Taiwan"},{"id":"207","text":"Tajikistan"},{"id":"208","text":"Tanzania"},{"id":"209","text":"Thailand"},{"id":"210","text":"Togo"},{"id":"211","text":"Tokelau"},{"id":"212","text":"Tonga"},{"id":"213","text":"Trinidad
        and Tobago"},{"id":"214","text":"Tunisia"},{"id":"215","text":"Turkey"},{"id":"216","text":"Turkmenistan"},{"id":"217","text":"Turks
        and Caicos Islands"},{"id":"218","text":"Tuvalu"},{"id":"219","text":"Uganda"},{"id":"220","text":"Ukraine"},{"id":"221","text":"United
        Arab Emirates"},{"id":"222","text":"United Kingdom"},{"id":"223","text":"US
        Minor Outlying Islands"},{"id":"224","text":"Uruguay"},{"id":"225","text":"Uzbekistan"},{"id":"226","text":"Vanuatu"},{"id":"227","text":"Vatican
        City State"},{"id":"228","text":"Venezuela"},{"id":"229","text":"Viet Nam"},{"id":"230","text":"Virgin
        Islands (British)"},{"id":"231","text":"Virgin Islands, U.S."},{"id":"232","text":"Wallis
        and Futuna Islands"},{"id":"233","text":"Western Sahara"},{"id":"234","text":"Yemen"},{"id":"235","text":"Yugoslavia"},{"id":"236","text":"Zaire"},{"id":"237","text":"Zambia"},{"id":"238","text":"\u00c5land
        Islands"},{"id":"239","text":"Saint Barth\u00e9lemy"},{"id":"240","text":"Bonaire,
        Sint Eustatius and Saba"},{"id":"241","text":"Belarus"},{"id":"242","text":"Congo,
        the Democratic Republic of the"},{"id":"243","text":"Cura\u00e7ao"},{"id":"244","text":"Guernsey"},{"id":"245","text":"South
        Georgia and the South Sandwich Islands"},{"id":"246","text":"Isle of Man"},{"id":"247","text":"Jersey"},{"id":"248","text":"Myanmar"},{"id":"249","text":"Palestinian
        Territories"},{"id":"250","text":"Somalia"},{"id":"251","text":"South Sudan"},{"id":"252","text":"Sint
        Maarten (Dutch part)"},{"id":"253","text":"Zimbabwe"},{"id":"254","text":"Kosovo"},{"id":"255","text":"Kurdistan"},{"id":"256","text":"Saint
        Martin (French part)"}]},"linkedinUrl":{"isRequired":false,"value":""},"dateAvailable":{"isRequired":false,"value":""},"desiredPay":{"isRequired":false,"value":""},"websiteUrl":{"isRequired":false,"value":""},"resumeFileId":{"isRequired":true,"value":""},"customQuestions":[{"id":"128","isRequired":false,"question":"Do
        you have experience with experience with Gig economy platforms or two-sided
        marketplaces?","type":"short","value":"","isValueOther":false,"hasOther":"no","options":[]},{"id":"97","isRequired":false,"question":"Do
        you have experience working with CPGs and Retail Execution fields?","type":"short","value":"","isValueOther":false,"hasOther":"no","options":[]}],"genderId":[],"ethnicityId":[],"veteranStatusId":[],"disabilityId":[]}}}'
  recorded_at: Thu, 27 Jun 2024 13:39:04 GMT
- request:
    method: get
    uri: http://dev.virtualearth.net/REST/v1/Locations/Ciudad%20de%20M%C3%A9xico,%20CDMX%2006600%20Mexico?key=As9GK0TwxULCFyDaoq4D-Y69ba9KgY2PSUp3XopYkZuhJWWm_gYcGosV7sjd7b8l
    body:
      encoding: US-ASCII
      string: ''
    headers:
      Accept:
      - application/json
      Accept-Encoding:
      - gzip;q=1.0,deflate;q=0.6,identity;q=0.3
      User-Agent:
      - Ruby
  response:
    status:
      code: 200
      message: OK
    headers:
      Date:
      - Thu, 27 Jun 2024 13:39:04 GMT
      Content-Type:
      - application/json; charset=utf-8
      Content-Length:
      - '1673'
      Connection:
      - keep-alive
      Access-Control-Allow-Headers:
      - Content-Type,X-FD-Features,X-FD-FLIGHT,PreferAnonymous
      Access-Control-Allow-Methods:
      - POST, GET, OPTIONS
      Access-Control-Allow-Origin:
      - "*"
      Alt-Svc:
      - h3=":443"; ma=86400
      Cache-Control:
      - no-cache
      X-Bm-Traceid:
      - 548d9f0c03c70d0b8a358e2196cc72ce
      X-Msedge-Ref:
      - 'Ref SnR: 667d6b7856fc4129bf6006824a6a6f66|Ref A: AD48C858DA6746FF90084C465DF8C17E
        Ref B: DB3EDGE2520 Ref C: 2024-06-27T13:39:04Z'
      X-Bm-Srv:
      - mapsplatform-frontend-84c7655474-vf58m, mapsplatform-forwardgeocoder-service-5b4f667648-ch2xl
      X-Ms-Bm-Ws-Info:
      - '0'
      X-Bm-Fe-Elapsed:
      - '100'
      X-Azure-Ref:
      - 20240627T133904Z-165bd8dd578p2s64q6n006emdn00000001r000000001kxmx
      X-Cache:
      - CONFIG_NOCACHE
      Accept-Ranges:
      - bytes
    body:
      encoding: ASCII-8BIT
      string: !binary |-
        eyJhdXRoZW50aWNhdGlvblJlc3VsdENvZGUiOiJWYWxpZENyZWRlbnRpYWxzIiwiYnJhbmRMb2dvVXJpIjoiaHR0cDovL2Rldi52aXJ0dWFsZWFydGgubmV0L0JyYW5kaW5nL2xvZ29fcG93ZXJlZF9ieS5wbmciLCJjb3B5cmlnaHQiOiJDb3B5cmlnaHQgwqkgMjAyNCBNaWNyb3NvZnQgYW5kIGl0cyBzdXBwbGllcnMuIEFsbCByaWdodHMgcmVzZXJ2ZWQuIFRoaXMgQVBJIGNhbm5vdCBiZSBhY2Nlc3NlZCBhbmQgdGhlIGNvbnRlbnQgYW5kIGFueSByZXN1bHRzIG1heSBub3QgYmUgdXNlZCwgcmVwcm9kdWNlZCBvciB0cmFuc21pdHRlZCBpbiBhbnkgbWFubmVyIHdpdGhvdXQgZXhwcmVzcyB3cml0dGVuIHBlcm1pc3Npb24gZnJvbSBNaWNyb3NvZnQgQ29ycG9yYXRpb24uIiwicmVzb3VyY2VTZXRzIjpbeyJlc3RpbWF0ZWRUb3RhbCI6MiwicmVzb3VyY2VzIjpbeyJfX3R5cGUiOiJMb2NhdGlvbjpodHRwOi8vc2NoZW1hcy5taWNyb3NvZnQuY29tL3NlYXJjaC9sb2NhbC93cy9yZXN0L3YxIiwiYmJveCI6WzE5LjA3MzMzMzc0MDIzNDM3NSwtOTkuNzM5MTIwNDgzMzk4NDQsMTkuNzY2MDk0MjA3NzYzNjcyLC05OC41NTA2MTM0MDMzMjAzMV0sIm5hbWUiOiJNZXhpY28gQ2l0eSwgTWV4aWNvIiwicG9pbnQiOnsidHlwZSI6IlBvaW50IiwiY29vcmRpbmF0ZXMiOlsxOS40MzI2NzgyMiwtOTkuMTM0MjA4NjhdfSwiYWRkcmVzcyI6eyJjb3VudHJ5UmVnaW9uIjoiTWV4aWNvIiwiZm9ybWF0dGVkQWRkcmVzcyI6Ik1leGljbyBDaXR5LCBNZXhpY28iLCJsb2NhbGl0eSI6Ik1leGljbyBDaXR5In0sImNvbmZpZGVuY2UiOiJIaWdoIiwiZW50aXR5VHlwZSI6IlBvcHVsYXRlZFBsYWNlIiwiZ2VvY29kZVBvaW50cyI6W3sidHlwZSI6IlBvaW50IiwiY29vcmRpbmF0ZXMiOlsxOS40MzI2NzgyMiwtOTkuMTM0MjA4NjhdLCJjYWxjdWxhdGlvbk1ldGhvZCI6IlJvb2Z0b3AiLCJ1c2FnZVR5cGVzIjpbIkRpc3BsYXkiXX1dLCJtYXRjaENvZGVzIjpbIkdvb2QiXX0seyJfX3R5cGUiOiJMb2NhdGlvbjpodHRwOi8vc2NoZW1hcy5taWNyb3NvZnQuY29tL3NlYXJjaC9sb2NhbC93cy9yZXN0L3YxIiwiYmJveCI6WzE5LjQyMDY4MDk5OTc1NTg2LC05OS4xNzY1MTM2NzE4NzUsMTkuNDM1MzAyNzM0Mzc1LC05OS4xNDk4MTg0MjA0MTAxNl0sIm5hbWUiOiIwNjYwMCwgTWV4aWNvIiwicG9pbnQiOnsidHlwZSI6IlBvaW50IiwiY29vcmRpbmF0ZXMiOlsxOS40MjkyNjc4OCwtOTkuMTU3NzM3NzNdfSwiYWRkcmVzcyI6eyJhZG1pbkRpc3RyaWN0IjoiQ0RNWCIsImFkbWluRGlzdHJpY3QyIjoiQ3VhdWh0w6ltb2MiLCJjb3VudHJ5UmVnaW9uIjoiTWV4aWNvIiwiZm9ybWF0dGVkQWRkcmVzcyI6IjA2NjAwLCBNZXhpY28iLCJwb3N0YWxDb2RlIjoiMDY2MDAifSwiY29uZmlkZW5jZSI6Ik1lZGl1bSIsImVudGl0eVR5cGUiOiJQb3N0Y29kZTEiLCJnZW9jb2RlUG9pbnRzIjpbeyJ0eXBlIjoiUG9pbnQiLCJjb29yZGluYXRlcyI6WzE5LjQyOTI2Nzg4LC05OS4xNTc3Mzc3M10sImNhbGN1bGF0aW9uTWV0aG9kIjoiUm9vZnRvcCIsInVzYWdlVHlwZXMiOlsiRGlzcGxheSJdfV0sIm1hdGNoQ29kZXMiOlsiR29vZCJdfV19XSwic3RhdHVzQ29kZSI6MjAwLCJzdGF0dXNEZXNjcmlwdGlvbiI6Ik9LIiwidHJhY2VJZCI6IjU0OGQ5ZjBjMDNjNzBkMGI4YTM1OGUyMTk2Y2M3MmNlIn0=
  recorded_at: Thu, 27 Jun 2024 13:39:04 GMT
- request:
    method: get
    uri: http://dev.virtualearth.net/REST/v1/Locations/Ciudad%20de%20M%C3%A9xico?key=As9GK0TwxULCFyDaoq4D-Y69ba9KgY2PSUp3XopYkZuhJWWm_gYcGosV7sjd7b8l
    body:
      encoding: US-ASCII
      string: ''
    headers:
      Accept:
      - application/json
      Accept-Encoding:
      - gzip;q=1.0,deflate;q=0.6,identity;q=0.3
      User-Agent:
      - Ruby
  response:
    status:
      code: 200
      message: OK
    headers:
      Date:
      - Thu, 27 Jun 2024 13:39:05 GMT
      Content-Type:
      - application/json; charset=utf-8
      Transfer-Encoding:
      - chunked
      Connection:
      - keep-alive
      Access-Control-Allow-Headers:
      - Content-Type,X-FD-Features,X-FD-FLIGHT,PreferAnonymous
      Access-Control-Allow-Methods:
      - POST, GET, OPTIONS
      Access-Control-Allow-Origin:
      - "*"
      Alt-Svc:
      - h3=":443"; ma=86400
      Cache-Control:
      - no-cache
      Vary:
      - Accept-Encoding
      X-Bm-Traceid:
      - c8c926473e760c7fcd18f08fef611032
      X-Bm-Be-Elapsed:
      - '68'
      X-Msedge-Ref:
      - 'Ref A: 237DA4B8D5584413A07C1880E0A21DC9 Ref B: DB3EDGE2615 Ref C: 2024-06-27T13:39:04Z'
      X-Bm-Fe-Elapsed:
      - '74'
      X-Bm-Srv:
      - mapsplatform-frontend-84c7655474-49gx2, DU00003069
      X-Ms-Bm-Ws-Info:
      - '0'
      X-Aspnet-Version:
      - 4.0.30319
      X-Powered-By:
      - ASP.NET
      X-Azure-Ref:
      - 20240627T133904Z-r175bff8f48cczh92eya5hmwf000000002p000000000g0ca
      X-Cache:
      - CONFIG_NOCACHE
    body:
      encoding: ASCII-8BIT
      string: !binary |-
        eyJhdXRoZW50aWNhdGlvblJlc3VsdENvZGUiOiJWYWxpZENyZWRlbnRpYWxzIiwiYnJhbmRMb2dvVXJpIjoiaHR0cHM6XC9cL2Rldi52aXJ0dWFsZWFydGgubmV0XC9CcmFuZGluZ1wvbG9nb19wb3dlcmVkX2J5LnBuZyIsImNvcHlyaWdodCI6IkNvcHlyaWdodCDCqSAyMDI0IE1pY3Jvc29mdCBhbmQgaXRzIHN1cHBsaWVycy4gQWxsIHJpZ2h0cyByZXNlcnZlZC4gVGhpcyBBUEkgY2Fubm90IGJlIGFjY2Vzc2VkIGFuZCB0aGUgY29udGVudCBhbmQgYW55IHJlc3VsdHMgbWF5IG5vdCBiZSB1c2VkLCByZXByb2R1Y2VkIG9yIHRyYW5zbWl0dGVkIGluIGFueSBtYW5uZXIgd2l0aG91dCBleHByZXNzIHdyaXR0ZW4gcGVybWlzc2lvbiBmcm9tIE1pY3Jvc29mdCBDb3Jwb3JhdGlvbi4iLCJyZXNvdXJjZVNldHMiOlt7ImVzdGltYXRlZFRvdGFsIjo1LCJyZXNvdXJjZXMiOlt7Il9fdHlwZSI6IkxvY2F0aW9uOmh0dHA6XC9cL3NjaGVtYXMubWljcm9zb2Z0LmNvbVwvc2VhcmNoXC9sb2NhbFwvd3NcL3Jlc3RcL3YxIiwiYmJveCI6WzE5LjA3MzMzMzc0MDIzNDM3NSwtOTkuNzM5MTIwNDgzMzk4NDM4LDE5Ljc2NjA5NDIwNzc2MzY3MiwtOTguNTUwNjEzNDAzMzIwMzEyXSwibmFtZSI6Ik1leGljbyBDaXR5LCBNZXhpY28iLCJwb2ludCI6eyJ0eXBlIjoiUG9pbnQiLCJjb29yZGluYXRlcyI6WzE5LjQzMjY3ODIyLC05OS4xMzQyMDg2OF19LCJhZGRyZXNzIjp7ImNvdW50cnlSZWdpb24iOiJNZXhpY28iLCJmb3JtYXR0ZWRBZGRyZXNzIjoiTWV4aWNvIENpdHksIE1leGljbyIsImxvY2FsaXR5IjoiTWV4aWNvIENpdHkifSwiY29uZmlkZW5jZSI6IkhpZ2giLCJlbnRpdHlUeXBlIjoiUG9wdWxhdGVkUGxhY2UiLCJnZW9jb2RlUG9pbnRzIjpbeyJ0eXBlIjoiUG9pbnQiLCJjb29yZGluYXRlcyI6WzE5LjQzMjY3ODIyLC05OS4xMzQyMDg2OF0sImNhbGN1bGF0aW9uTWV0aG9kIjoiUm9vZnRvcCIsInVzYWdlVHlwZXMiOlsiRGlzcGxheSJdfV0sIm1hdGNoQ29kZXMiOlsiR29vZCJdfSx7Il9fdHlwZSI6IkxvY2F0aW9uOmh0dHA6XC9cL3NjaGVtYXMubWljcm9zb2Z0LmNvbVwvc2VhcmNoXC9sb2NhbFwvd3NcL3Jlc3RcL3YxIiwiYmJveCI6WzE5LjA1NjI3ODIyODc1OTc2NiwtOTkuMzYwMDA4MjM5NzQ2MSwxOS42MDAxOTY4MzgzNzg5MDYsLTk4Ljk1OTc5MzA5MDgyMDMxM10sIm5hbWUiOiJNZXhpY28gQ2l0eSIsInBvaW50Ijp7InR5cGUiOiJQb2ludCIsImNvb3JkaW5hdGVzIjpbMTkuMjc2ODcyNjMsLTk5LjEzOTQzNDgxXX0sImFkZHJlc3MiOnsiYWRtaW5EaXN0cmljdCI6IkNETVgiLCJjb3VudHJ5UmVnaW9uIjoiTWV4aWNvIiwiZm9ybWF0dGVkQWRkcmVzcyI6Ik1leGljbyBDaXR5In0sImNvbmZpZGVuY2UiOiJNZWRpdW0iLCJlbnRpdHlUeXBlIjoiQWRtaW5EaXZpc2lvbjEiLCJnZW9jb2RlUG9pbnRzIjpbeyJ0eXBlIjoiUG9pbnQiLCJjb29yZGluYXRlcyI6WzE5LjI3Njg3MjYzLC05OS4xMzk0MzQ4MV0sImNhbGN1bGF0aW9uTWV0aG9kIjoiUm9vZnRvcCIsInVzYWdlVHlwZXMiOlsiRGlzcGxheSJdfV0sIm1hdGNoQ29kZXMiOlsiR29vZCJdfSx7Il9fdHlwZSI6IkxvY2F0aW9uOmh0dHA6XC9cL3NjaGVtYXMubWljcm9zb2Z0LmNvbVwvc2VhcmNoXC9sb2NhbFwvd3NcL3Jlc3RcL3YxIiwiYmJveCI6WzE5LjA0ODIyNzMxMDE4MDY2NCwtOTkuMzY0OTA2MzExMDM1MTU2LDE5LjU5Mjk5ODUwNDYzODY3MiwtOTguOTQwMjkyMzU4Mzk4NDM4XSwibmFtZSI6Ik1leGljbyBDaXR5IiwicG9pbnQiOnsidHlwZSI6IlBvaW50IiwiY29vcmRpbmF0ZXMiOlsxOS40MzI2NzgyMiwtOTkuMTM0MjA4NjhdfSwiYWRkcmVzcyI6eyJhZG1pbkRpc3RyaWN0IjoiQ0RNWCIsImFkbWluRGlzdHJpY3QyIjoiTWV4aWNvIENpdHkiLCJjb3VudHJ5UmVnaW9uIjoiTWV4aWNvIiwiZm9ybWF0dGVkQWRkcmVzcyI6Ik1leGljbyBDaXR5In0sImNvbmZpZGVuY2UiOiJNZWRpdW0iLCJlbnRpdHlUeXBlIjoiQWRtaW5EaXZpc2lvbjIiLCJnZW9jb2RlUG9pbnRzIjpbeyJ0eXBlIjoiUG9pbnQiLCJjb29yZGluYXRlcyI6WzE5LjQzMjY3ODIyLC05OS4xMzQyMDg2OF0sImNhbGN1bGF0aW9uTWV0aG9kIjoiUm9vZnRvcCIsInVzYWdlVHlwZXMiOlsiRGlzcGxheSJdfV0sIm1hdGNoQ29kZXMiOlsiR29vZCJdfSx7Il9fdHlwZSI6IkxvY2F0aW9uOmh0dHA6XC9cL3NjaGVtYXMubWljcm9zb2Z0LmNvbVwvc2VhcmNoXC9sb2NhbFwvd3NcL3Jlc3RcL3YxIiwiYmJveCI6WzMwLjk3ODkwMTI0NDgxNTA1OSwtMTA4LjE5NzMyODg3NzYxNjA2LDMxLjAzNjg0MjAxMDgwMDE3NSwtMTA4LjEwNzIyMTI5MzI4MjM4XSwibmFtZSI6IkNvbG9uaWEgTcOpeGljbywgTWV4aWNvIiwicG9pbnQiOnsidHlwZSI6IlBvaW50IiwiY29vcmRpbmF0ZXMiOlszMS4wMDc4NzE2MywtMTA4LjE1MjI3NTA5XX0sImFkZHJlc3MiOnsiYWRtaW5EaXN0cmljdCI6IkNISUgiLCJjb3VudHJ5UmVnaW9uIjoiTWV4aWNvIiwiZm9ybWF0dGVkQWRkcmVzcyI6IkNvbG9uaWEgTcOpeGljbywgTWV4aWNvIiwibG9jYWxpdHkiOiJDb2xvbmlhIE3DqXhpY28ifSwiY29uZmlkZW5jZSI6IkxvdyIsImVudGl0eVR5cGUiOiJQb3B1bGF0ZWRQbGFjZSIsImdlb2NvZGVQb2ludHMiOlt7InR5cGUiOiJQb2ludCIsImNvb3JkaW5hdGVzIjpbMzEuMDA3ODcxNjMsLTEwOC4xNTIyNzUwOV0sImNhbGN1bGF0aW9uTWV0aG9kIjoiUm9vZnRvcCIsInVzYWdlVHlwZXMiOlsiRGlzcGxheSJdfV0sIm1hdGNoQ29kZXMiOlsiR29vZCJdfSx7Il9fdHlwZSI6IkxvY2F0aW9uOmh0dHA6XC9cL3NjaGVtYXMubWljcm9zb2Z0LmNvbVwvc2VhcmNoXC9sb2NhbFwvd3NcL3Jlc3RcL3YxIiwiYmJveCI6Wy0yMy44OTYxOTIyMTUyNjc5NDgsMTQ2LjE1MzYwMTQ5NzQ3ODYzLC0yMy44MzgyNTE0NDkyODI4MzMsMTQ2LjIzODA2MTEwMDE3NzYyXSwibmFtZSI6Ik1leGljbywgQXVzdHJhbGlhIiwicG9pbnQiOnsidHlwZSI6IlBvaW50IiwiY29vcmRpbmF0ZXMiOlstMjMuODY3MjIxODMsMTQ2LjE5NTgzMTNdfSwiYWRkcmVzcyI6eyJhZG1pbkRpc3RyaWN0IjoiUUxEIiwiYWRtaW5EaXN0cmljdDIiOiJCYXJjYWxkaW5lIiwiY291bnRyeVJlZ2lvbiI6IkF1c3RyYWxpYSIsImZvcm1hdHRlZEFkZHJlc3MiOiJNZXhpY28sIEF1c3RyYWxpYSIsImxvY2FsaXR5IjoiTWV4aWNvIn0sImNvbmZpZGVuY2UiOiJMb3ciLCJlbnRpdHlUeXBlIjoiUG9wdWxhdGVkUGxhY2UiLCJnZW9jb2RlUG9pbnRzIjpbeyJ0eXBlIjoiUG9pbnQiLCJjb29yZGluYXRlcyI6Wy0yMy44NjcyMjE4MywxNDYuMTk1ODMxM10sImNhbGN1bGF0aW9uTWV0aG9kIjoiUm9vZnRvcCIsInVzYWdlVHlwZXMiOlsiRGlzcGxheSJdfV0sIm1hdGNoQ29kZXMiOlsiR29vZCJdfV19XSwic3RhdHVzQ29kZSI6MjAwLCJzdGF0dXNEZXNjcmlwdGlvbiI6Ik9LIiwidHJhY2VJZCI6ImM4YzkyNjQ3M2U3NjBjN2ZjZDE4ZjA4ZmVmNjExMDMyfERVMDAwMDMwNjl8MC4wLjAuMXxSZWYgQTogMjM3REE0QjhENTU4NDQxM0EwN0MxODgwRTBBMjFEQzkgUmVmIEI6IERCM0VER0UyNjE1IFJlZiBDOiAyMDI0LTA2LTI3VDEzOjM5OjA0WiJ9
  recorded_at: Thu, 27 Jun 2024 13:39:04 GMT
- request:
    method: get
    uri: http://dev.virtualearth.net/REST/v1/Locations/CDMX?key=As9GK0TwxULCFyDaoq4D-Y69ba9KgY2PSUp3XopYkZuhJWWm_gYcGosV7sjd7b8l
    body:
      encoding: US-ASCII
      string: ''
    headers:
      Accept:
      - application/json
      Accept-Encoding:
      - gzip;q=1.0,deflate;q=0.6,identity;q=0.3
      User-Agent:
      - Ruby
  response:
    status:
      code: 200
      message: OK
    headers:
      Date:
      - Thu, 27 Jun 2024 13:39:05 GMT
      Content-Type:
      - application/json; charset=utf-8
      Content-Length:
      - '1629'
      Connection:
      - keep-alive
      Access-Control-Allow-Headers:
      - Content-Type,X-FD-Features,X-FD-FLIGHT,PreferAnonymous
      Access-Control-Allow-Methods:
      - POST, GET, OPTIONS
      Access-Control-Allow-Origin:
      - "*"
      Alt-Svc:
      - h3=":443"; ma=86400
      Cache-Control:
      - no-cache
      X-Bm-Traceid:
      - c73b026fd53e425509da9680d0a51b30
      X-Msedge-Ref:
      - 'Ref SnR: 667d6b79790e4f60827e348f05cabbf0|Ref A: 8C1DC4CB17DA44918DC57D43A587B342
        Ref B: DB3EDGE2818 Ref C: 2024-06-27T13:39:05Z'
      X-Bm-Srv:
      - mapsplatform-frontend-84c7655474-pk29z, mapsplatform-forwardgeocoder-service-5b4f667648-cbrwz
      X-Ms-Bm-Ws-Info:
      - '0'
      X-Bm-Fe-Elapsed:
      - '245'
      X-Azure-Ref:
      - 20240627T133905Z-r175bff8f48j8zkhfnm32sg81000000001xg000000001k0e
      X-Cache:
      - CONFIG_NOCACHE
      Accept-Ranges:
      - bytes
    body:
      encoding: ASCII-8BIT
      string: !binary |-
        eyJhdXRoZW50aWNhdGlvblJlc3VsdENvZGUiOiJWYWxpZENyZWRlbnRpYWxzIiwiYnJhbmRMb2dvVXJpIjoiaHR0cDovL2Rldi52aXJ0dWFsZWFydGgubmV0L0JyYW5kaW5nL2xvZ29fcG93ZXJlZF9ieS5wbmciLCJjb3B5cmlnaHQiOiJDb3B5cmlnaHQgwqkgMjAyNCBNaWNyb3NvZnQgYW5kIGl0cyBzdXBwbGllcnMuIEFsbCByaWdodHMgcmVzZXJ2ZWQuIFRoaXMgQVBJIGNhbm5vdCBiZSBhY2Nlc3NlZCBhbmQgdGhlIGNvbnRlbnQgYW5kIGFueSByZXN1bHRzIG1heSBub3QgYmUgdXNlZCwgcmVwcm9kdWNlZCBvciB0cmFuc21pdHRlZCBpbiBhbnkgbWFubmVyIHdpdGhvdXQgZXhwcmVzcyB3cml0dGVuIHBlcm1pc3Npb24gZnJvbSBNaWNyb3NvZnQgQ29ycG9yYXRpb24uIiwicmVzb3VyY2VTZXRzIjpbeyJlc3RpbWF0ZWRUb3RhbCI6MiwicmVzb3VyY2VzIjpbeyJfX3R5cGUiOiJMb2NhdGlvbjpodHRwOi8vc2NoZW1hcy5taWNyb3NvZnQuY29tL3NlYXJjaC9sb2NhbC93cy9yZXN0L3YxIiwiYmJveCI6WzE5LjA1NjI3ODIyODc1OTc2NiwtOTkuMzYwMDA4MjM5NzQ2MSwxOS42MDAxOTY4MzgzNzg5MDYsLTk4Ljk1OTc5MzA5MDgyMDMxXSwibmFtZSI6Ik1leGljbyBDaXR5IiwicG9pbnQiOnsidHlwZSI6IlBvaW50IiwiY29vcmRpbmF0ZXMiOlsxOS4yNzY4NzI2MywtOTkuMTM5NDM0ODFdfSwiYWRkcmVzcyI6eyJhZG1pbkRpc3RyaWN0IjoiQ0RNWCIsImNvdW50cnlSZWdpb24iOiJNZXhpY28iLCJmb3JtYXR0ZWRBZGRyZXNzIjoiTWV4aWNvIENpdHkifSwiY29uZmlkZW5jZSI6Ik1lZGl1bSIsImVudGl0eVR5cGUiOiJBZG1pbkRpdmlzaW9uMSIsImdlb2NvZGVQb2ludHMiOlt7InR5cGUiOiJQb2ludCIsImNvb3JkaW5hdGVzIjpbMTkuMjc2ODcyNjMsLTk5LjEzOTQzNDgxXSwiY2FsY3VsYXRpb25NZXRob2QiOiJSb29mdG9wIiwidXNhZ2VUeXBlcyI6WyJEaXNwbGF5Il19XSwibWF0Y2hDb2RlcyI6WyJHb29kIl19LHsiX190eXBlIjoiTG9jYXRpb246aHR0cDovL3NjaGVtYXMubWljcm9zb2Z0LmNvbS9zZWFyY2gvbG9jYWwvd3MvcmVzdC92MSIsImJib3giOlsxOS4wNzMzMzM3NDAyMzQzNzUsLTk5LjczOTEyMDQ4MzM5ODQ0LDE5Ljc2NjA5NDIwNzc2MzY3MiwtOTguNTUwNjEzNDAzMzIwMzFdLCJuYW1lIjoiTWV4aWNvIENpdHksIE1leGljbyIsInBvaW50Ijp7InR5cGUiOiJQb2ludCIsImNvb3JkaW5hdGVzIjpbMTkuNDMyNjc4MjIsLTk5LjEzNDIwODY4XX0sImFkZHJlc3MiOnsiY291bnRyeVJlZ2lvbiI6Ik1leGljbyIsImZvcm1hdHRlZEFkZHJlc3MiOiJNZXhpY28gQ2l0eSwgTWV4aWNvIiwibG9jYWxpdHkiOiJNZXhpY28gQ2l0eSJ9LCJjb25maWRlbmNlIjoiTWVkaXVtIiwiZW50aXR5VHlwZSI6IlBvcHVsYXRlZFBsYWNlIiwiZ2VvY29kZVBvaW50cyI6W3sidHlwZSI6IlBvaW50IiwiY29vcmRpbmF0ZXMiOlsxOS40MzI2NzgyMiwtOTkuMTM0MjA4NjhdLCJjYWxjdWxhdGlvbk1ldGhvZCI6IlJvb2Z0b3AiLCJ1c2FnZVR5cGVzIjpbIkRpc3BsYXkiXX1dLCJtYXRjaENvZGVzIjpbIkdvb2QiXX1dfV0sInN0YXR1c0NvZGUiOjIwMCwic3RhdHVzRGVzY3JpcHRpb24iOiJPSyIsInRyYWNlSWQiOiJjNzNiMDI2ZmQ1M2U0MjU1MDlkYTk2ODBkMGE1MWIzMCJ9
  recorded_at: Thu, 27 Jun 2024 13:39:05 GMT
- request:
    method: get
    uri: http://dev.virtualearth.net/REST/v1/Locations/06600?key=As9GK0TwxULCFyDaoq4D-Y69ba9KgY2PSUp3XopYkZuhJWWm_gYcGosV7sjd7b8l
    body:
      encoding: US-ASCII
      string: ''
    headers:
      Accept:
      - application/json
      Accept-Encoding:
      - gzip;q=1.0,deflate;q=0.6,identity;q=0.3
      User-Agent:
      - Ruby
  response:
    status:
      code: 200
      message: OK
    headers:
      Date:
      - Thu, 27 Jun 2024 13:39:05 GMT
      Content-Type:
      - application/json; charset=utf-8
      Content-Length:
      - '3583'
      Connection:
      - keep-alive
      Access-Control-Allow-Headers:
      - Content-Type,X-FD-Features,X-FD-FLIGHT,PreferAnonymous
      Access-Control-Allow-Methods:
      - POST, GET, OPTIONS
      Access-Control-Allow-Origin:
      - "*"
      Alt-Svc:
      - h3=":443"; ma=86400
      Cache-Control:
      - no-cache
      X-Bm-Traceid:
      - b63f06fffb1986c719e6daf8b3c69e2f
      X-Msedge-Ref:
      - 'Ref A: 595EF8CE8CE845F8BE159EDA91AEB864 Ref B: DB3EDGE2616 Ref C: 2024-06-27T13:39:05Z|Ref
        SnR: 667d6b7942114d538830cfc204113c76'
      X-Bm-Srv:
      - mapsplatform-frontend-84c7655474-pk29z, mapsplatform-forwardgeocoder-service-5b4f667648-gnflk
      X-Ms-Bm-Ws-Info:
      - '0'
      X-Bm-Fe-Elapsed:
      - '220'
      X-Azure-Ref:
      - 20240627T133905Z-165bd8dd578l8t6f1ssqrm30c800000001q00000000220bu
      X-Cache:
      - CONFIG_NOCACHE
      Accept-Ranges:
      - bytes
    body:
      encoding: ASCII-8BIT
      string: !binary |-
        eyJhdXRoZW50aWNhdGlvblJlc3VsdENvZGUiOiJWYWxpZENyZWRlbnRpYWxzIiwiYnJhbmRMb2dvVXJpIjoiaHR0cDovL2Rldi52aXJ0dWFsZWFydGgubmV0L0JyYW5kaW5nL2xvZ29fcG93ZXJlZF9ieS5wbmciLCJjb3B5cmlnaHQiOiJDb3B5cmlnaHQgwqkgMjAyNCBNaWNyb3NvZnQgYW5kIGl0cyBzdXBwbGllcnMuIEFsbCByaWdodHMgcmVzZXJ2ZWQuIFRoaXMgQVBJIGNhbm5vdCBiZSBhY2Nlc3NlZCBhbmQgdGhlIGNvbnRlbnQgYW5kIGFueSByZXN1bHRzIG1heSBub3QgYmUgdXNlZCwgcmVwcm9kdWNlZCBvciB0cmFuc21pdHRlZCBpbiBhbnkgbWFubmVyIHdpdGhvdXQgZXhwcmVzcyB3cml0dGVuIHBlcm1pc3Npb24gZnJvbSBNaWNyb3NvZnQgQ29ycG9yYXRpb24uIiwicmVzb3VyY2VTZXRzIjpbeyJlc3RpbWF0ZWRUb3RhbCI6NSwicmVzb3VyY2VzIjpbeyJfX3R5cGUiOiJMb2NhdGlvbjpodHRwOi8vc2NoZW1hcy5taWNyb3NvZnQuY29tL3NlYXJjaC9sb2NhbC93cy9yZXN0L3YxIiwiYmJveCI6Wy0yMy41Mzg3NzI1ODMwMDc4MTIsLTQ2LjkwNTE0NzU1MjQ5MDIzNCwtMjMuNTI1NTc1NjM3ODE3MzgzLC00Ni44OTQyMjIyNTk1MjE0ODRdLCJuYW1lIjoiMDY2MDAsIEJyYXppbCIsInBvaW50Ijp7InR5cGUiOiJQb2ludCIsImNvb3JkaW5hdGVzIjpbLTIzLjUzMTg4ODk2LC00Ni45MDE2MzQyMl19LCJhZGRyZXNzIjp7ImFkbWluRGlzdHJpY3QiOiJTUCIsImNvdW50cnlSZWdpb24iOiJCcmF6aWwiLCJmb3JtYXR0ZWRBZGRyZXNzIjoiMDY2MDAsIEJyYXppbCIsImxvY2FsaXR5IjoiSmFuZGlyYSIsInBvc3RhbENvZGUiOiIwNjYwMCJ9LCJjb25maWRlbmNlIjoiSGlnaCIsImVudGl0eVR5cGUiOiJQb3N0Y29kZTIiLCJnZW9jb2RlUG9pbnRzIjpbeyJ0eXBlIjoiUG9pbnQiLCJjb29yZGluYXRlcyI6Wy0yMy41MzE4ODg5NiwtNDYuOTAxNjM0MjJdLCJjYWxjdWxhdGlvbk1ldGhvZCI6IlJvb2Z0b3AiLCJ1c2FnZVR5cGVzIjpbIkRpc3BsYXkiXX1dLCJtYXRjaENvZGVzIjpbIkdvb2QiXX0seyJfX3R5cGUiOiJMb2NhdGlvbjpodHRwOi8vc2NoZW1hcy5taWNyb3NvZnQuY29tL3NlYXJjaC9sb2NhbC93cy9yZXN0L3YxIiwiYmJveCI6WzQzLjU3MjYwODk0Nzc1MzkwNiw3LjA2NDM5NzgxMTg4OTY0OCw0My42MjI3OTg5MTk2Nzc3MzQsNy4xMzI5NzUxMDE0NzA5NDddLCJuYW1lIjoiMDY2MDAsIE1hcml0aW1lIEFscHMsIEZyYW5jZSIsInBvaW50Ijp7InR5cGUiOiJQb2ludCIsImNvb3JkaW5hdGVzIjpbNDMuNTgwNTI0NDQsNy4xMjA2OTc1XX0sImFkZHJlc3MiOnsiYWRtaW5EaXN0cmljdCI6IlBBQ0EiLCJhZG1pbkRpc3RyaWN0MiI6Ik1hcml0aW1lIEFscHMiLCJjb3VudHJ5UmVnaW9uIjoiRnJhbmNlIiwiZm9ybWF0dGVkQWRkcmVzcyI6IjA2NjAwLCBNYXJpdGltZSBBbHBzLCBGcmFuY2UiLCJsb2NhbGl0eSI6IkFudGliZXMiLCJwb3N0YWxDb2RlIjoiMDY2MDAifSwiY29uZmlkZW5jZSI6IkhpZ2giLCJlbnRpdHlUeXBlIjoiUG9zdGNvZGUxIiwiZ2VvY29kZVBvaW50cyI6W3sidHlwZSI6IlBvaW50IiwiY29vcmRpbmF0ZXMiOls0My41ODA1MjQ0NCw3LjEyMDY5NzVdLCJjYWxjdWxhdGlvbk1ldGhvZCI6IlJvb2Z0b3AiLCJ1c2FnZVR5cGVzIjpbIkRpc3BsYXkiXX1dLCJtYXRjaENvZGVzIjpbIkdvb2QiXX0seyJfX3R5cGUiOiJMb2NhdGlvbjpodHRwOi8vc2NoZW1hcy5taWNyb3NvZnQuY29tL3NlYXJjaC9sb2NhbC93cy9yZXN0L3YxIiwiYmJveCI6WzE5LjQyMDY4MDk5OTc1NTg2LC05OS4xNzY1MTM2NzE4NzUsMTkuNDM1MzAyNzM0Mzc1LC05OS4xNDk4MTg0MjA0MTAxNl0sIm5hbWUiOiIwNjYwMCwgTWV4aWNvIiwicG9pbnQiOnsidHlwZSI6IlBvaW50IiwiY29vcmRpbmF0ZXMiOlsxOS40MjkyNjc4OCwtOTkuMTU3NzM3NzNdfSwiYWRkcmVzcyI6eyJhZG1pbkRpc3RyaWN0IjoiQ0RNWCIsImFkbWluRGlzdHJpY3QyIjoiQ3VhdWh0w6ltb2MiLCJjb3VudHJ5UmVnaW9uIjoiTWV4aWNvIiwiZm9ybWF0dGVkQWRkcmVzcyI6IjA2NjAwLCBNZXhpY28iLCJwb3N0YWxDb2RlIjoiMDY2MDAifSwiY29uZmlkZW5jZSI6IkhpZ2giLCJlbnRpdHlUeXBlIjoiUG9zdGNvZGUxIiwiZ2VvY29kZVBvaW50cyI6W3sidHlwZSI6IlBvaW50IiwiY29vcmRpbmF0ZXMiOlsxOS40MjkyNjc4OCwtOTkuMTU3NzM3NzNdLCJjYWxjdWxhdGlvbk1ldGhvZCI6IlJvb2Z0b3AiLCJ1c2FnZVR5cGVzIjpbIkRpc3BsYXkiXX1dLCJtYXRjaENvZGVzIjpbIkdvb2QiXX0seyJfX3R5cGUiOiJMb2NhdGlvbjpodHRwOi8vc2NoZW1hcy5taWNyb3NvZnQuY29tL3NlYXJjaC9sb2NhbC93cy9yZXN0L3YxIiwiYmJveCI6WzYuMDE3NTk4NjI4OTk3ODAzLDEwMC4yNzYzMzY2Njk5MjE4OCw2LjEyNjU5MzExMjk0NTU1NywxMDAuMzY0Njg1MDU4NTkzNzVdLCJuYW1lIjoiMDY2MDAsIE1hbGF5c2lhIiwicG9pbnQiOnsidHlwZSI6IlBvaW50IiwiY29vcmRpbmF0ZXMiOls2LjEwNTM1OTA4LDEwMC4yOTM1NDA5NV19LCJhZGRyZXNzIjp7ImFkbWluRGlzdHJpY3QiOiJLZWRhaCIsImFkbWluRGlzdHJpY3QyIjoiRGFlcmFoIEtvdGEgU2V0YXIiLCJjb3VudHJ5UmVnaW9uIjoiTWFsYXlzaWEiLCJmb3JtYXR0ZWRBZGRyZXNzIjoiMDY2MDAsIE1hbGF5c2lhIiwibG9jYWxpdHkiOiJLdWFsYSBLZWRhaCIsInBvc3RhbENvZGUiOiIwNjYwMCJ9LCJjb25maWRlbmNlIjoiSGlnaCIsImVudGl0eVR5cGUiOiJQb3N0Y29kZTEiLCJnZW9jb2RlUG9pbnRzIjpbeyJ0eXBlIjoiUG9pbnQiLCJjb29yZGluYXRlcyI6WzYuMTA1MzU5MDgsMTAwLjI5MzU0MDk1XSwiY2FsY3VsYXRpb25NZXRob2QiOiJSb29mdG9wIiwidXNhZ2VUeXBlcyI6WyJEaXNwbGF5Il19XSwibWF0Y2hDb2RlcyI6WyJHb29kIl19LHsiX190eXBlIjoiTG9jYXRpb246aHR0cDovL3NjaGVtYXMubWljcm9zb2Z0LmNvbS9zZWFyY2gvbG9jYWwvd3MvcmVzdC92MSIsImJib3giOlstNi41OTI3NTc1NjE2MjU4NTIsLTc4LjcyODI4MzI0ODMzOTU1LC02LjU4NTAzMjEyNjQ4NDQ5OSwtNzguNzE3OTE0MjYxNDI2MDddLCJuYW1lIjoiMDY2MDAsIFBlcnUiLCJwb2ludCI6eyJ0eXBlIjoiUG9pbnQiLCJjb29yZGluYXRlcyI6Wy02LjU4ODg5NDg0LC03OC43MjMwOTg3NV19LCJhZGRyZXNzIjp7ImFkbWluRGlzdHJpY3QiOiJDYWphbWFyY2EiLCJhZG1pbkRpc3RyaWN0MiI6IlByb3ZpbmNlIG9mIENob3RhIiwiY291bnRyeVJlZ2lvbiI6IlBlcnUiLCJmb3JtYXR0ZWRBZGRyZXNzIjoiMDY2MDAsIFBlcnUiLCJsb2NhbGl0eSI6IkxhamFzIiwicG9zdGFsQ29kZSI6IjA2NjAwIn0sImNvbmZpZGVuY2UiOiJIaWdoIiwiZW50aXR5VHlwZSI6IlBvc3Rjb2RlMiIsImdlb2NvZGVQb2ludHMiOlt7InR5cGUiOiJQb2ludCIsImNvb3JkaW5hdGVzIjpbLTYuNTg4ODk0ODQsLTc4LjcyMzA5ODc1XSwiY2FsY3VsYXRpb25NZXRob2QiOiJSb29mdG9wIiwidXNhZ2VUeXBlcyI6WyJEaXNwbGF5Il19XSwibWF0Y2hDb2RlcyI6WyJHb29kIl19XX1dLCJzdGF0dXNDb2RlIjoyMDAsInN0YXR1c0Rlc2NyaXB0aW9uIjoiT0siLCJ0cmFjZUlkIjoiYjYzZjA2ZmZmYjE5ODZjNzE5ZTZkYWY4YjNjNjllMmYifQ==
  recorded_at: Thu, 27 Jun 2024 13:39:05 GMT
- request:
    method: get
    uri: http://dev.virtualearth.net/REST/v1/Locations/Mexico?key=As9GK0TwxULCFyDaoq4D-Y69ba9KgY2PSUp3XopYkZuhJWWm_gYcGosV7sjd7b8l
    body:
      encoding: US-ASCII
      string: ''
    headers:
      Accept:
      - application/json
      Accept-Encoding:
      - gzip;q=1.0,deflate;q=0.6,identity;q=0.3
      User-Agent:
      - Ruby
  response:
    status:
      code: 200
      message: OK
    headers:
      Date:
      - Thu, 27 Jun 2024 13:39:05 GMT
      Content-Type:
      - application/json; charset=utf-8
      Transfer-Encoding:
      - chunked
      Connection:
      - keep-alive
      Access-Control-Allow-Headers:
      - Content-Type,X-FD-Features,X-FD-FLIGHT,PreferAnonymous
      Access-Control-Allow-Methods:
      - POST, GET, OPTIONS
      Access-Control-Allow-Origin:
      - "*"
      Alt-Svc:
      - h3=":443"; ma=86400
      Cache-Control:
      - no-cache
      Vary:
      - Accept-Encoding
      X-Bm-Traceid:
      - 8db6d942311494118fe08acce1eebea4
      X-Bm-Be-Elapsed:
      - '99'
      X-Msedge-Ref:
      - 'Ref A: C0D04FDA5B5146E08308F3D0B273209A Ref B: DB3EDGE1915 Ref C: 2024-06-27T13:39:05Z'
      X-Bm-Fe-Elapsed:
      - '106'
      X-Bm-Srv:
      - mapsplatform-frontend-84c7655474-vf58m, DU00003050
      X-Ms-Bm-Ws-Info:
      - '0'
      X-Aspnet-Version:
      - 4.0.30319
      X-Powered-By:
      - ASP.NET
      X-Azure-Ref:
      - 20240627T133905Z-165bd8dd5788ggb5u64s64a71s00000002eg0000000058z9
      X-Cache:
      - CONFIG_NOCACHE
    body:
      encoding: ASCII-8BIT
      string: !binary |-
        eyJhdXRoZW50aWNhdGlvblJlc3VsdENvZGUiOiJWYWxpZENyZWRlbnRpYWxzIiwiYnJhbmRMb2dvVXJpIjoiaHR0cHM6XC9cL2Rldi52aXJ0dWFsZWFydGgubmV0XC9CcmFuZGluZ1wvbG9nb19wb3dlcmVkX2J5LnBuZyIsImNvcHlyaWdodCI6IkNvcHlyaWdodCDCqSAyMDI0IE1pY3Jvc29mdCBhbmQgaXRzIHN1cHBsaWVycy4gQWxsIHJpZ2h0cyByZXNlcnZlZC4gVGhpcyBBUEkgY2Fubm90IGJlIGFjY2Vzc2VkIGFuZCB0aGUgY29udGVudCBhbmQgYW55IHJlc3VsdHMgbWF5IG5vdCBiZSB1c2VkLCByZXByb2R1Y2VkIG9yIHRyYW5zbWl0dGVkIGluIGFueSBtYW5uZXIgd2l0aG91dCBleHByZXNzIHdyaXR0ZW4gcGVybWlzc2lvbiBmcm9tIE1pY3Jvc29mdCBDb3Jwb3JhdGlvbi4iLCJyZXNvdXJjZVNldHMiOlt7ImVzdGltYXRlZFRvdGFsIjo1LCJyZXNvdXJjZXMiOlt7Il9fdHlwZSI6IkxvY2F0aW9uOmh0dHA6XC9cL3NjaGVtYXMubWljcm9zb2Z0LmNvbVwvc2VhcmNoXC9sb2NhbFwvd3NcL3Jlc3RcL3YxIiwiYmJveCI6WzE0LjQ4ODU4OTI4NjgwNDIsLTExOS43MDMzNjE1MTEyMzA0NywzNS4yNzE0MDgwODEwNTQ2ODcsLTgyLjYzNjYzNDgyNjY2MDE1Nl0sIm5hbWUiOiJNZXhpY28iLCJwb2ludCI6eyJ0eXBlIjoiUG9pbnQiLCJjb29yZGluYXRlcyI6WzIzLjkzMzU5MTg0LC0xMDIuNTA5Njk2OTZdfSwiYWRkcmVzcyI6eyJjb3VudHJ5UmVnaW9uIjoiTWV4aWNvIiwiZm9ybWF0dGVkQWRkcmVzcyI6Ik1leGljbyJ9LCJjb25maWRlbmNlIjoiSGlnaCIsImVudGl0eVR5cGUiOiJDb3VudHJ5UmVnaW9uIiwiZ2VvY29kZVBvaW50cyI6W3sidHlwZSI6IlBvaW50IiwiY29vcmRpbmF0ZXMiOlsyMy45MzM1OTE4NCwtMTAyLjUwOTY5Njk2XSwiY2FsY3VsYXRpb25NZXRob2QiOiJSb29mdG9wIiwidXNhZ2VUeXBlcyI6WyJEaXNwbGF5Il19XSwibWF0Y2hDb2RlcyI6WyJHb29kIl19LHsiX190eXBlIjoiTG9jYXRpb246aHR0cDpcL1wvc2NoZW1hcy5taWNyb3NvZnQuY29tXC9zZWFyY2hcL2xvY2FsXC93c1wvcmVzdFwvdjEiLCJiYm94IjpbMTguMzU1NDMyNTEwMzc1OTc3LC0xMDAuNDc5NjQ0Nzc1MzkwNjIsMjAuMzA3MzMyOTkyNTUzNzExLC05OC41NzA5MTUyMjIxNjc5NjldLCJuYW1lIjoiTcOpeGljbyIsInBvaW50Ijp7InR5cGUiOiJQb2ludCIsImNvb3JkaW5hdGVzIjpbMTkuMzU1OTkzMjcsLTk5LjY0NTM5MzM3XX0sImFkZHJlc3MiOnsiYWRtaW5EaXN0cmljdCI6Ik1FWCIsImNvdW50cnlSZWdpb24iOiJNZXhpY28iLCJmb3JtYXR0ZWRBZGRyZXNzIjoiTcOpeGljbyJ9LCJjb25maWRlbmNlIjoiTG93IiwiZW50aXR5VHlwZSI6IkFkbWluRGl2aXNpb24xIiwiZ2VvY29kZVBvaW50cyI6W3sidHlwZSI6IlBvaW50IiwiY29vcmRpbmF0ZXMiOlsxOS4zNTU5OTMyNywtOTkuNjQ1MzkzMzddLCJjYWxjdWxhdGlvbk1ldGhvZCI6IlJvb2Z0b3AiLCJ1c2FnZVR5cGVzIjpbIkRpc3BsYXkiXX1dLCJtYXRjaENvZGVzIjpbIkdvb2QiXX0seyJfX3R5cGUiOiJMb2NhdGlvbjpodHRwOlwvXC9zY2hlbWFzLm1pY3Jvc29mdC5jb21cL3NlYXJjaFwvbG9jYWxcL3dzXC9yZXN0XC92MSIsImJib3giOlszMC45Nzg5MDEyNDQ4MTUwNTksLTEwOC4xOTczMjg4Nzc2MTYwNiwzMS4wMzY4NDIwMTA4MDAxNzUsLTEwOC4xMDcyMjEyOTMyODIzOF0sIm5hbWUiOiJDb2xvbmlhIE3DqXhpY28sIE1leGljbyIsInBvaW50Ijp7InR5cGUiOiJQb2ludCIsImNvb3JkaW5hdGVzIjpbMzEuMDA3ODcxNjMsLTEwOC4xNTIyNzUwOV19LCJhZGRyZXNzIjp7ImFkbWluRGlzdHJpY3QiOiJDSElIIiwiY291bnRyeVJlZ2lvbiI6Ik1leGljbyIsImZvcm1hdHRlZEFkZHJlc3MiOiJDb2xvbmlhIE3DqXhpY28sIE1leGljbyIsImxvY2FsaXR5IjoiQ29sb25pYSBNw6l4aWNvIn0sImNvbmZpZGVuY2UiOiJMb3ciLCJlbnRpdHlUeXBlIjoiUG9wdWxhdGVkUGxhY2UiLCJnZW9jb2RlUG9pbnRzIjpbeyJ0eXBlIjoiUG9pbnQiLCJjb29yZGluYXRlcyI6WzMxLjAwNzg3MTYzLC0xMDguMTUyMjc1MDldLCJjYWxjdWxhdGlvbk1ldGhvZCI6IlJvb2Z0b3AiLCJ1c2FnZVR5cGVzIjpbIkRpc3BsYXkiXX1dLCJtYXRjaENvZGVzIjpbIkdvb2QiXX0seyJfX3R5cGUiOiJMb2NhdGlvbjpodHRwOlwvXC9zY2hlbWFzLm1pY3Jvc29mdC5jb21cL3NlYXJjaFwvbG9jYWxcL3dzXC9yZXN0XC92MSIsImJib3giOlszOS4xMTE2MjE4NTY2ODk0NTMsLTkxLjkyMzUzMDU3ODYxMzI4MSwzOS4yMDc4MjA4OTIzMzM5ODQsLTkxLjgwMTQ1MjYzNjcxODc1XSwibmFtZSI6Ik1leGljbywgTU8iLCJwb2ludCI6eyJ0eXBlIjoiUG9pbnQiLCJjb29yZGluYXRlcyI6WzM5LjE3MDI4NDI3LC05MS44NzMzNTk2OF19LCJhZGRyZXNzIjp7ImFkbWluRGlzdHJpY3QiOiJNTyIsImFkbWluRGlzdHJpY3QyIjoiQXVkcmFpbiBDb3VudHkiLCJjb3VudHJ5UmVnaW9uIjoiVW5pdGVkIFN0YXRlcyIsImZvcm1hdHRlZEFkZHJlc3MiOiJNZXhpY28sIE1PIiwibG9jYWxpdHkiOiJNZXhpY28ifSwiY29uZmlkZW5jZSI6IkxvdyIsImVudGl0eVR5cGUiOiJQb3B1bGF0ZWRQbGFjZSIsImdlb2NvZGVQb2ludHMiOlt7InR5cGUiOiJQb2ludCIsImNvb3JkaW5hdGVzIjpbMzkuMTcwMjg0MjcsLTkxLjg3MzM1OTY4XSwiY2FsY3VsYXRpb25NZXRob2QiOiJSb29mdG9wIiwidXNhZ2VUeXBlcyI6WyJEaXNwbGF5Il19XSwibWF0Y2hDb2RlcyI6WyJHb29kIl19LHsiX190eXBlIjoiTG9jYXRpb246aHR0cDpcL1wvc2NoZW1hcy5taWNyb3NvZnQuY29tXC9zZWFyY2hcL2xvY2FsXC93c1wvcmVzdFwvdjEiLCJiYm94IjpbMjAuOTk3NDkzNzQzODk2NDg0LC04OS42MTYxMTkzODQ3NjU2MjUsMjEuMDA2ODgxNzEzODY3MTg4LC04OS42MDcxNTQ4NDYxOTE0XSwibmFtZSI6Ik3DqXhpY28sIE1leGljbyIsInBvaW50Ijp7InR5cGUiOiJQb2ludCIsImNvb3JkaW5hdGVzIjpbMjEuMDAzMzUxMjEsLTg5LjYxMTQzNDk0XX0sImFkZHJlc3MiOnsiYWRtaW5EaXN0cmljdCI6IllVQyIsImFkbWluRGlzdHJpY3QyIjoiTcOpcmlkYSIsImNvdW50cnlSZWdpb24iOiJNZXhpY28iLCJmb3JtYXR0ZWRBZGRyZXNzIjoiTcOpeGljbywgTWV4aWNvIn0sImNvbmZpZGVuY2UiOiJMb3ciLCJlbnRpdHlUeXBlIjoiTmVpZ2hib3Job29kIiwiZ2VvY29kZVBvaW50cyI6W3sidHlwZSI6IlBvaW50IiwiY29vcmRpbmF0ZXMiOlsyMS4wMDMzNTEyMSwtODkuNjExNDM0OTRdLCJjYWxjdWxhdGlvbk1ldGhvZCI6IlJvb2Z0b3AiLCJ1c2FnZVR5cGVzIjpbIkRpc3BsYXkiXX1dLCJtYXRjaENvZGVzIjpbIkdvb2QiXX1dfV0sInN0YXR1c0NvZGUiOjIwMCwic3RhdHVzRGVzY3JpcHRpb24iOiJPSyIsInRyYWNlSWQiOiI4ZGI2ZDk0MjMxMTQ5NDExOGZlMDhhY2NlMWVlYmVhNHxEVTAwMDAzMDUwfDAuMC4wLjF8UmVmIEE6IEMwRDA0RkRBNUI1MTQ2RTA4MzA4RjNEMEIyNzMyMDlBIFJlZiBCOiBEQjNFREdFMTkxNSBSZWYgQzogMjAyNC0wNi0yN1QxMzozOTowNVoifQ==
  recorded_at: Thu, 27 Jun 2024 13:39:05 GMT
recorded_with: VCR 6.2.0
